../Core/Src/main.c:76:6:leggi_pressione	96	static
../Core/Src/main.c:113:5:main	8	static
../Core/Src/main.c:190:6:SystemClock_Config	96	static
../Core/Src/main.c:235:13:MX_I2C1_Init	8	static
../Core/Src/main.c:283:13:MX_TIM6_Init	24	static
../Core/Src/main.c:321:13:MX_USART1_UART_Init	8	static
../Core/Src/main.c:356:13:MX_USART2_UART_Init	8	static
../Core/Src/main.c:391:13:MX_GPIO_Init	40	static
../Core/Src/main.c:418:6:HAL_UART_RxCpltCallback	16	static
../Core/Src/main.c:448:6:HAL_UART_ErrorCallback	16	static
../Core/Src/main.c:456:6:HAL_TIM_PeriodElapsedCallback	32	static
../Core/Src/main.c:482:6:Error_Handler	4	static,ignoring_inline_asm
