../Core/Src/main.c:120:20:CS_Low	8	static
../Core/Src/main.c:121:20:CS_High	8	static
../Core/Src/main.c:124:13:EEPROM_WaitReady	16	static
../Core/Src/main.c:137:13:EEPROM_WriteEnable	16	static
../Core/Src/main.c:150:6:write_EEPROM	176	static
../Core/Src/main.c:213:7:read_EEPROM	16	static
../Core/Src/main.c:234:6:setMotor	24	static
../Core/Src/main.c:259:6:stopMotor	8	static
../Core/Src/main.c:265:6:parser	16	static
../Core/Src/main.c:312:6:SDP810_Start	24	static
../Core/Src/main.c:324:6:SDP810_Stop	24	static
../Core/Src/main.c:331:6:SDP810_Read	104	static
../Core/Src/main.c:360:16:SFM3300_CRC	32	static
../Core/Src/main.c:372:6:SFM3300_Start	24	static
../Core/Src/main.c:385:6:SFM3300_Stop	24	static
../Core/Src/main.c:394:6:SFM3300_Read	96	static
../Core/Src/main.c:426:6:I2C_Scan	48	static
../Core/Src/main.c:458:5:main	16	static,ignoring_inline_asm
../Core/Src/main.c:588:6:SystemClock_Config	96	static
../Core/Src/main.c:633:13:MX_I2C1_Init	8	static
../Core/Src/main.c:681:13:MX_SPI1_Init	8	static
../Core/Src/main.c:721:13:MX_TIM1_Init	96	static
../Core/Src/main.c:791:13:MX_TIM7_Init	24	static
../Core/Src/main.c:829:13:MX_USART1_UART_Init	8	static
../Core/Src/main.c:864:13:MX_USART2_UART_Init	8	static
../Core/Src/main.c:899:13:MX_GPIO_Init	40	static
../Core/Src/main.c:942:6:HAL_UART_RxCpltCallback	16	static
../Core/Src/main.c:1004:6:HAL_UART_ErrorCallback	16	static
../Core/Src/main.c:1021:6:HAL_TIM_PeriodElapsedCallback	16	static
../Core/Src/main.c:1036:6:HAL_GPIO_EXTI_Callback	80	static
../Core/Src/main.c:1060:6:Error_Handler	4	static,ignoring_inline_asm
