../Core/Src/main.c:120:20:CS_Low	1
../Core/Src/main.c:121:20:CS_High	1
../Core/Src/main.c:124:13:EEPROM_WaitReady	2
../Core/Src/main.c:137:13:EEPROM_WriteEnable	1
../Core/Src/main.c:150:6:write_EEPROM	5
../Core/Src/main.c:213:7:read_EEPROM	1
../Core/Src/main.c:234:6:setMotor	3
../Core/Src/main.c:259:6:stopMotor	1
../Core/Src/main.c:265:6:parser	13
../Core/Src/main.c:312:6:SDP810_Start	2
../Core/Src/main.c:324:6:SDP810_Stop	1
../Core/Src/main.c:331:6:SDP810_Read	3
../Core/Src/main.c:360:16:SFM3300_CRC	4
../Core/Src/main.c:372:6:SFM3300_Start	2
../Core/Src/main.c:385:6:SFM3300_Stop	1
../Core/Src/main.c:394:6:SFM3300_Read	4
../Core/Src/main.c:426:6:I2C_Scan	3
../Core/Src/main.c:458:5:main	7
../Core/Src/main.c:588:6:SystemClock_Config	4
../Core/Src/main.c:633:13:MX_I2C1_Init	4
../Core/Src/main.c:681:13:MX_SPI1_Init	2
../Core/Src/main.c:721:13:MX_TIM1_Init	5
../Core/Src/main.c:791:13:MX_TIM7_Init	3
../Core/Src/main.c:829:13:MX_USART1_UART_Init	2
../Core/Src/main.c:864:13:MX_USART2_UART_Init	2
../Core/Src/main.c:899:13:MX_GPIO_Init	1
../Core/Src/main.c:942:6:HAL_UART_RxCpltCallback	13
../Core/Src/main.c:1004:6:HAL_UART_ErrorCallback	3
../Core/Src/main.c:1021:6:HAL_TIM_PeriodElapsedCallback	3
../Core/Src/main.c:1036:6:HAL_GPIO_EXTI_Callback	3
../Core/Src/main.c:1060:6:Error_Handler	1
