14:12:24 **** Incremental Build of configuration Debug for project Diocane ****
make -j11 all 
arm-none-eabi-gcc "../Core/Src/main.c" -mcpu=cortex-m4 -std=gnu11 -g3 -DDEBUG -DUSE_HAL_DRIVER -DSTM32L432xx -c -I../Core/Inc -I../Drivers/STM32L4xx_HAL_Driver/Inc -I../Drivers/STM32L4xx_HAL_Driver/Inc/Legacy -I../Drivers/CMSIS/Device/ST/STM32L4xx/Include -I../Drivers/CMSIS/Include -O0 -ffunction-sections -fdata-sections -Wall -fstack-usage -fcyclomatic-complexity -MMD -MP -MF"Core/Src/main.d" -MT"Core/Src/main.o" --specs=nano.specs -mfpu=fpv4-sp-d16 -mfloat-abi=hard -mthumb -o "Core/Src/main.o"
../Core/Src/main.c: In function 'setMotor':
../Core/Src/main.c:238:9: warning: implicit declaration of function 'stopMotor'; did you mean 'setMotor'? [-Wimplicit-function-declaration]
  238 |         stopMotor();
      |         ^~~~~~~~~
      |         setMotor
../Core/Src/main.c: At top level:
../Core/Src/main.c:259:6: warning: conflicting types for 'stopMotor'; have 'void()'
  259 | void stopMotor(){
      |      ^~~~~~~~~
../Core/Src/main.c:238:9: note: previous implicit declaration of 'stopMotor' with type 'void()'
  238 |         stopMotor();
      |         ^~~~~~~~~
../Core/Src/main.c: In function 'parser':
../Core/Src/main.c:294:25: warning: implicit declaration of function 'SFM3300_Start'; did you mean 'SFM3300_SCALE'? [-Wimplicit-function-declaration]
  294 |                         SFM3300_Start();
      |                         ^~~~~~~~~~~~~
      |                         SFM3300_SCALE
../Core/Src/main.c:299:25: warning: implicit declaration of function 'SFM3300_Stop'; did you mean 'SFM3300_SCALE'? [-Wimplicit-function-declaration]
  299 |                         SFM3300_Stop();
      |                         ^~~~~~~~~~~~
      |                         SFM3300_SCALE
../Core/Src/main.c:302:25: warning: implicit declaration of function 'I2C_Scan' [-Wimplicit-function-declaration]
  302 |                         I2C_Scan();
      |                         ^~~~~~~~
../Core/Src/main.c: At top level:
../Core/Src/main.c:372:6: warning: conflicting types for 'SFM3300_Start'; have 'void(void)'
  372 | void SFM3300_Start(void)
      |      ^~~~~~~~~~~~~
../Core/Src/main.c:294:25: note: previous implicit declaration of 'SFM3300_Start' with type 'void(void)'
  294 |                         SFM3300_Start();
      |                         ^~~~~~~~~~~~~
../Core/Src/main.c:385:6: warning: conflicting types for 'SFM3300_Stop'; have 'void(void)'
  385 | void SFM3300_Stop(void)
      |      ^~~~~~~~~~~~
../Core/Src/main.c:299:25: note: previous implicit declaration of 'SFM3300_Stop' with type 'void(void)'
  299 |                         SFM3300_Stop();
      |                         ^~~~~~~~~~~~
../Core/Src/main.c:426:6: warning: conflicting types for 'I2C_Scan'; have 'void(void)'
  426 | void I2C_Scan(void)
      |      ^~~~~~~~
../Core/Src/main.c:302:25: note: previous implicit declaration of 'I2C_Scan' with type 'void(void)'
  302 |                         I2C_Scan();
      |                         ^~~~~~~~
arm-none-eabi-gcc -o "Diocane.elf" @"objects.list"   -mcpu=cortex-m4 -T"/Users/cristianpetramale/Biomed_projects/STMWorkSpace/Diocane/STM32L432KCUX_FLASH.ld" --specs=nosys.specs -Wl,-Map="Diocane.map" -Wl,--gc-sections -static --specs=nano.specs -mfpu=fpv4-sp-d16 -mfloat-abi=hard -mthumb -u _printf_float -u _scanf_float -Wl,--start-group -lc -lm -Wl,--end-group
Finished building target: Diocane.elf
 
arm-none-eabi-size  Diocane.elf 
arm-none-eabi-objdump -h -S Diocane.elf  > "Diocane.list"
   text	   data	    bss	    dec	    hex	filename
  56004	    468	  35524	  91996	  1675c	Diocane.elf
Finished building: default.size.stdout
 
Finished building: Diocane.list
 

14:12:24 Build Finished. 0 errors, 8 warnings. (took 928ms)

