2026-05-03 15:05:38,009 [INFO] WebApp:194 - Connection lost
2026-05-03 15:05:42,818 [INFO] WebApp:191 - Connection restablished
2026-05-03 17:12:06,153 [INFO] WebApp:194 - Connection lost
2026-05-03 17:12:07,470 [INFO] WebApp:191 - Connection restablished
2026-05-03 17:29:10,279 [INFO] NvicIntPanel:101 - NVIC parent = com.st.microxplorer.plugins.ip.nvic.MultiNvicIntPanel[,0,0,0x0,invalid,layout=javax.swing.BoxLayout,alignmentX=0.0,alignmentY=0.0,border=,flags=9,maximumSize=,minimumSize=,preferredSize=]
2026-05-03 17:30:27,124 [INFO] I2cTimingTraitement:330 - 0x00100D14
2026-05-03 17:30:31,262 [INFO] NvicIntPanel:101 - NVIC parent = com.st.microxplorer.plugins.ip.nvic.MultiNvicIntPanel[,0,0,498x281,layout=javax.swing.BoxLayout,alignmentX=0.0,alignmentY=0.0,border=,flags=9,maximumSize=,minimumSize=,preferredSize=]
2026-05-03 17:32:15,848 [INFO] I2cTimingTraitement:330 - 0x00100D14
2026-05-03 17:32:23,337 [INFO] NvicIntPanel:101 - NVIC parent = com.st.microxplorer.plugins.ip.nvic.MultiNvicIntPanel[,0,0,0x0,invalid,layout=javax.swing.BoxLayout,alignmentX=0.0,alignmentY=0.0,border=,flags=9,maximumSize=,minimumSize=,preferredSize=]
2026-05-03 17:32:29,213 [INFO] UtilMem:75 - End SaveConfig() Used Memory: 888732840 Bytes (1073741824)
2026-05-03 17:32:31,750 [INFO] UtilMem:75 - End SaveConfig() Used Memory: 933567032 Bytes (1073741824)
2026-05-03 17:32:32,301 [INFO] BlockDiagram:2775 - set Specific Code input for plugin: NVIC
2026-05-03 17:32:32,302 [INFO] BlockDiagram:2775 - set Specific Code input for plugin: USART
2026-05-03 17:32:32,303 [INFO] BlockDiagram:2775 - set Specific Code input for plugin: USART
2026-05-03 17:32:32,303 [INFO] BlockDiagram:2775 - set Specific Code input for plugin: TIM6_7L4
2026-05-03 17:32:32,303 [INFO] BlockDiagram:2775 - set Specific Code input for plugin: SYS
2026-05-03 17:32:32,304 [INFO] BlockDiagram:2775 - set Specific Code input for plugin: GPIO
2026-05-03 17:32:32,304 [INFO] BlockDiagram:2775 - set Specific Code input for plugin: RCC
2026-05-03 17:32:32,304 [INFO] BlockDiagram:2775 - set Specific Code input for plugin: I2C
2026-05-03 17:32:32,306 [INFO] CodeGenerator:892 - code generatio: config db path: /Applications/STM32CubeIDE.app/Contents/Eclipse/plugins/com.st.stm32cube.common.mx_6.15.0.202507011659//db/
2026-05-03 17:32:32,405 [INFO] CodeEngine:265 - oldGeneratedFile, /Users/cristianpetramale/Biomed_projects/STMWorkSpace/ProgettoUART/MXTmpFiles/license.tmp_save
2026-05-03 17:32:32,742 [INFO] CodeEngine:289 - Generated code: /Users/cristianpetramale/Biomed_projects/STMWorkSpace/ProgettoUART/MXTmpFiles/license.tmp
2026-05-03 17:32:32,875 [INFO] CodeEngine:265 - oldGeneratedFile, /Users/cristianpetramale/Biomed_projects/STMWorkSpace/ProgettoUART/MXTmpFiles/gpio.tmp_save
2026-05-03 17:32:33,051 [INFO] CodeEngine:289 - Generated code: /Users/cristianpetramale/Biomed_projects/STMWorkSpace/ProgettoUART/MXTmpFiles/gpio.tmp
2026-05-03 17:32:33,628 [INFO] CodeEngine:265 - oldGeneratedFile, /Users/cristianpetramale/Biomed_projects/STMWorkSpace/ProgettoUART/Core/Src/stm32l4xx_it.c_save
2026-05-03 17:32:33,877 [INFO] CodeEngine:289 - Generated code: /Users/cristianpetramale/Biomed_projects/STMWorkSpace/ProgettoUART/Core/Src/stm32l4xx_it.c
2026-05-03 17:32:33,879 [INFO] CodeEngine:265 - oldGeneratedFile, /Users/cristianpetramale/Biomed_projects/STMWorkSpace/ProgettoUART/Core/Inc/stm32l4xx_it.h_save
2026-05-03 17:32:33,962 [INFO] CodeEngine:289 - Generated code: /Users/cristianpetramale/Biomed_projects/STMWorkSpace/ProgettoUART/Core/Inc/stm32l4xx_it.h
2026-05-03 17:32:33,977 [INFO] CodeEngine:265 - oldGeneratedFile, /Users/cristianpetramale/Biomed_projects/STMWorkSpace/ProgettoUART/Core/Src/stm32l4xx_hal_msp.c_save
2026-05-03 17:32:34,147 [INFO] CodeEngine:289 - Generated code: /Users/cristianpetramale/Biomed_projects/STMWorkSpace/ProgettoUART/Core/Src/stm32l4xx_hal_msp.c
2026-05-03 17:32:34,149 [INFO] CodeEngine:265 - oldGeneratedFile, /Users/cristianpetramale/Biomed_projects/STMWorkSpace/ProgettoUART/MXTmpFiles/system.tmp_save
2026-05-03 17:32:34,232 [INFO] CodeEngine:289 - Generated code: /Users/cristianpetramale/Biomed_projects/STMWorkSpace/ProgettoUART/MXTmpFiles/system.tmp
2026-05-03 17:32:34,237 [INFO] CodeEngine:321 - oldGeneratedFile, /Users/cristianpetramale/Biomed_projects/STMWorkSpace/ProgettoUART/Core/Inc/stm32l4xx_hal_conf.h_save
2026-05-03 17:32:34,316 [INFO] CodeEngine:345 - Generated code: /Users/cristianpetramale/Biomed_projects/STMWorkSpace/ProgettoUART/Core/Inc/stm32l4xx_hal_conf.h
2026-05-03 17:32:34,372 [WARN] IPConfigManager:3811 - IP not found : TIM
2026-05-03 17:32:34,375 [WARN] CodeGenerator:4259 - IP not found : null
2026-05-03 17:32:34,380 [INFO] CodeEngine:265 - oldGeneratedFile, /Users/cristianpetramale/Biomed_projects/STMWorkSpace/ProgettoUART/Core/Inc/main.h_save
2026-05-03 17:32:34,498 [INFO] CodeEngine:289 - Generated code: /Users/cristianpetramale/Biomed_projects/STMWorkSpace/ProgettoUART/Core/Inc/main.h
2026-05-03 17:32:34,502 [INFO] CodeEngine:265 - oldGeneratedFile, /Users/cristianpetramale/Biomed_projects/STMWorkSpace/ProgettoUART/Core/Src/main.c_save
2026-05-03 17:32:34,702 [INFO] CodeEngine:289 - Generated code: /Users/cristianpetramale/Biomed_projects/STMWorkSpace/ProgettoUART/Core/Src/main.c
2026-05-03 17:32:35,335 [INFO] ProjectBuilder:3606 - Time for Copy HAL[1] : 100mS.
2026-05-03 17:32:35,355 [INFO] ProjectBuilder:5216 - Project Generator version: 4.7.0-B52
2026-05-03 17:32:35,561 [INFO] ConfigFileManager:1595 - The Die is : DIE435
2026-05-03 17:32:37,944 [INFO] ProjectBuilder:5496 - Time for Generating toolchain IDE Files: 2589mS.
2026-05-03 17:32:37,947 [INFO] ProjectBuilder:3463 - Time for Copy CMSIS : 0mS.
2026-05-03 17:32:37,948 [INFO] ProjectBuilder:3463 - Time for Copy CMSIS : 0mS.
2026-05-03 17:33:53,857 [INFO] NvicIntPanel:101 - NVIC parent = com.st.microxplorer.plugins.ip.nvic.MultiNvicIntPanel[,0,0,0x0,invalid,layout=javax.swing.BoxLayout,alignmentX=0.0,alignmentY=0.0,border=,flags=9,maximumSize=,minimumSize=,preferredSize=]
2026-05-03 17:34:11,678 [INFO] NvicIntPanel:101 - NVIC parent = com.st.microxplorer.plugins.ip.nvic.MultiNvicIntPanel[,0,0,0x0,invalid,layout=javax.swing.BoxLayout,alignmentX=0.0,alignmentY=0.0,border=,flags=9,maximumSize=,minimumSize=,preferredSize=]
2026-05-03 17:34:17,631 [INFO] UtilMem:75 - End SaveConfig() Used Memory: 734071512 Bytes (1073741824)
2026-05-03 17:34:20,216 [INFO] UtilMem:75 - End SaveConfig() Used Memory: 801180376 Bytes (1073741824)
2026-05-03 17:34:20,440 [INFO] BlockDiagram:2775 - set Specific Code input for plugin: NVIC
2026-05-03 17:34:20,441 [INFO] BlockDiagram:2775 - set Specific Code input for plugin: USART
2026-05-03 17:34:20,441 [INFO] BlockDiagram:2775 - set Specific Code input for plugin: USART
2026-05-03 17:34:20,441 [INFO] BlockDiagram:2775 - set Specific Code input for plugin: TIM6_7L4
2026-05-03 17:34:20,441 [INFO] BlockDiagram:2775 - set Specific Code input for plugin: SYS
2026-05-03 17:34:20,441 [INFO] BlockDiagram:2775 - set Specific Code input for plugin: GPIO
2026-05-03 17:34:20,441 [INFO] BlockDiagram:2775 - set Specific Code input for plugin: RCC
2026-05-03 17:34:20,441 [INFO] BlockDiagram:2775 - set Specific Code input for plugin: I2C
2026-05-03 17:34:20,443 [INFO] CodeGenerator:892 - code generatio: config db path: /Applications/STM32CubeIDE.app/Contents/Eclipse/plugins/com.st.stm32cube.common.mx_6.15.0.202507011659//db/
2026-05-03 17:34:20,576 [INFO] CodeEngine:265 - oldGeneratedFile, /Users/cristianpetramale/Biomed_projects/STMWorkSpace/ProgettoUART/MXTmpFiles/license.tmp_save
2026-05-03 17:34:20,764 [INFO] CodeEngine:289 - Generated code: /Users/cristianpetramale/Biomed_projects/STMWorkSpace/ProgettoUART/MXTmpFiles/license.tmp
2026-05-03 17:34:20,842 [INFO] CodeEngine:265 - oldGeneratedFile, /Users/cristianpetramale/Biomed_projects/STMWorkSpace/ProgettoUART/MXTmpFiles/gpio.tmp_save
2026-05-03 17:34:21,005 [INFO] CodeEngine:289 - Generated code: /Users/cristianpetramale/Biomed_projects/STMWorkSpace/ProgettoUART/MXTmpFiles/gpio.tmp
2026-05-03 17:34:21,243 [INFO] CodeEngine:265 - oldGeneratedFile, /Users/cristianpetramale/Biomed_projects/STMWorkSpace/ProgettoUART/Core/Src/stm32l4xx_it.c_save
2026-05-03 17:34:21,421 [INFO] CodeEngine:289 - Generated code: /Users/cristianpetramale/Biomed_projects/STMWorkSpace/ProgettoUART/Core/Src/stm32l4xx_it.c
2026-05-03 17:34:21,424 [INFO] CodeEngine:265 - oldGeneratedFile, /Users/cristianpetramale/Biomed_projects/STMWorkSpace/ProgettoUART/Core/Inc/stm32l4xx_it.h_save
2026-05-03 17:34:21,477 [INFO] CodeEngine:289 - Generated code: /Users/cristianpetramale/Biomed_projects/STMWorkSpace/ProgettoUART/Core/Inc/stm32l4xx_it.h
2026-05-03 17:34:21,485 [INFO] CodeEngine:265 - oldGeneratedFile, /Users/cristianpetramale/Biomed_projects/STMWorkSpace/ProgettoUART/Core/Src/stm32l4xx_hal_msp.c_save
2026-05-03 17:34:21,585 [INFO] CodeEngine:289 - Generated code: /Users/cristianpetramale/Biomed_projects/STMWorkSpace/ProgettoUART/Core/Src/stm32l4xx_hal_msp.c
2026-05-03 17:34:21,586 [INFO] CodeEngine:265 - oldGeneratedFile, /Users/cristianpetramale/Biomed_projects/STMWorkSpace/ProgettoUART/MXTmpFiles/system.tmp_save
2026-05-03 17:34:21,646 [INFO] CodeEngine:289 - Generated code: /Users/cristianpetramale/Biomed_projects/STMWorkSpace/ProgettoUART/MXTmpFiles/system.tmp
2026-05-03 17:34:21,651 [INFO] CodeEngine:321 - oldGeneratedFile, /Users/cristianpetramale/Biomed_projects/STMWorkSpace/ProgettoUART/Core/Inc/stm32l4xx_hal_conf.h_save
2026-05-03 17:34:21,710 [INFO] CodeEngine:345 - Generated code: /Users/cristianpetramale/Biomed_projects/STMWorkSpace/ProgettoUART/Core/Inc/stm32l4xx_hal_conf.h
2026-05-03 17:34:21,732 [WARN] IPConfigManager:3811 - IP not found : TIM
2026-05-03 17:34:21,733 [WARN] CodeGenerator:4259 - IP not found : null
2026-05-03 17:34:21,745 [INFO] CodeEngine:265 - oldGeneratedFile, /Users/cristianpetramale/Biomed_projects/STMWorkSpace/ProgettoUART/Core/Inc/main.h_save
2026-05-03 17:34:21,808 [INFO] CodeEngine:289 - Generated code: /Users/cristianpetramale/Biomed_projects/STMWorkSpace/ProgettoUART/Core/Inc/main.h
2026-05-03 17:34:21,811 [INFO] CodeEngine:265 - oldGeneratedFile, /Users/cristianpetramale/Biomed_projects/STMWorkSpace/ProgettoUART/Core/Src/main.c_save
2026-05-03 17:34:21,905 [INFO] CodeEngine:289 - Generated code: /Users/cristianpetramale/Biomed_projects/STMWorkSpace/ProgettoUART/Core/Src/main.c
2026-05-03 17:34:22,636 [INFO] ProjectBuilder:3606 - Time for Copy HAL[1] : 89mS.
2026-05-03 17:34:22,657 [INFO] ProjectBuilder:5216 - Project Generator version: 4.7.0-B52
2026-05-03 17:34:22,789 [INFO] ConfigFileManager:1595 - The Die is : DIE435
2026-05-03 17:34:24,825 [INFO] ProjectBuilder:5496 - Time for Generating toolchain IDE Files: 2168mS.
2026-05-03 17:34:24,827 [INFO] ProjectBuilder:3463 - Time for Copy CMSIS : 1mS.
2026-05-03 17:34:24,828 [INFO] ProjectBuilder:3463 - Time for Copy CMSIS : 0mS.
2026-05-03 17:38:07,363 [INFO] NvicIntPanel:101 - NVIC parent = com.st.microxplorer.plugins.ip.nvic.MultiNvicIntPanel[,0,0,0x0,invalid,layout=javax.swing.BoxLayout,alignmentX=0.0,alignmentY=0.0,border=,flags=9,maximumSize=,minimumSize=,preferredSize=]
2026-05-03 17:38:11,607 [INFO] UtilMem:75 - End SaveConfig() Used Memory: 739747864 Bytes (1073741824)
2026-05-03 17:38:13,336 [INFO] UtilMem:75 - End SaveConfig() Used Memory: 783788056 Bytes (1073741824)
2026-05-03 17:38:13,471 [INFO] BlockDiagram:2775 - set Specific Code input for plugin: NVIC
2026-05-03 17:38:13,471 [INFO] BlockDiagram:2775 - set Specific Code input for plugin: USART
2026-05-03 17:38:13,471 [INFO] BlockDiagram:2775 - set Specific Code input for plugin: USART
2026-05-03 17:38:13,471 [INFO] BlockDiagram:2775 - set Specific Code input for plugin: TIM6_7L4
2026-05-03 17:38:13,471 [INFO] BlockDiagram:2775 - set Specific Code input for plugin: SYS
2026-05-03 17:38:13,471 [INFO] BlockDiagram:2775 - set Specific Code input for plugin: GPIO
2026-05-03 17:38:13,471 [INFO] BlockDiagram:2775 - set Specific Code input for plugin: RCC
2026-05-03 17:38:13,472 [INFO] BlockDiagram:2775 - set Specific Code input for plugin: I2C
2026-05-03 17:38:13,473 [INFO] CodeGenerator:892 - code generatio: config db path: /Applications/STM32CubeIDE.app/Contents/Eclipse/plugins/com.st.stm32cube.common.mx_6.15.0.202507011659//db/
2026-05-03 17:38:13,549 [INFO] CodeEngine:265 - oldGeneratedFile, /Users/cristianpetramale/Biomed_projects/STMWorkSpace/ProgettoUART/MXTmpFiles/license.tmp_save
2026-05-03 17:38:13,678 [INFO] CodeEngine:289 - Generated code: /Users/cristianpetramale/Biomed_projects/STMWorkSpace/ProgettoUART/MXTmpFiles/license.tmp
2026-05-03 17:38:13,737 [INFO] CodeEngine:265 - oldGeneratedFile, /Users/cristianpetramale/Biomed_projects/STMWorkSpace/ProgettoUART/MXTmpFiles/gpio.tmp_save
2026-05-03 17:38:13,801 [INFO] CodeEngine:289 - Generated code: /Users/cristianpetramale/Biomed_projects/STMWorkSpace/ProgettoUART/MXTmpFiles/gpio.tmp
2026-05-03 17:38:14,001 [INFO] CodeEngine:265 - oldGeneratedFile, /Users/cristianpetramale/Biomed_projects/STMWorkSpace/ProgettoUART/Core/Src/stm32l4xx_it.c_save
2026-05-03 17:38:14,103 [INFO] CodeEngine:289 - Generated code: /Users/cristianpetramale/Biomed_projects/STMWorkSpace/ProgettoUART/Core/Src/stm32l4xx_it.c
2026-05-03 17:38:14,106 [INFO] CodeEngine:265 - oldGeneratedFile, /Users/cristianpetramale/Biomed_projects/STMWorkSpace/ProgettoUART/Core/Inc/stm32l4xx_it.h_save
2026-05-03 17:38:14,153 [INFO] CodeEngine:289 - Generated code: /Users/cristianpetramale/Biomed_projects/STMWorkSpace/ProgettoUART/Core/Inc/stm32l4xx_it.h
2026-05-03 17:38:14,169 [INFO] CodeEngine:265 - oldGeneratedFile, /Users/cristianpetramale/Biomed_projects/STMWorkSpace/ProgettoUART/Core/Src/stm32l4xx_hal_msp.c_save
2026-05-03 17:38:14,275 [INFO] CodeEngine:289 - Generated code: /Users/cristianpetramale/Biomed_projects/STMWorkSpace/ProgettoUART/Core/Src/stm32l4xx_hal_msp.c
2026-05-03 17:38:14,277 [INFO] CodeEngine:265 - oldGeneratedFile, /Users/cristianpetramale/Biomed_projects/STMWorkSpace/ProgettoUART/MXTmpFiles/system.tmp_save
2026-05-03 17:38:14,321 [INFO] CodeEngine:289 - Generated code: /Users/cristianpetramale/Biomed_projects/STMWorkSpace/ProgettoUART/MXTmpFiles/system.tmp
2026-05-03 17:38:14,327 [INFO] CodeEngine:321 - oldGeneratedFile, /Users/cristianpetramale/Biomed_projects/STMWorkSpace/ProgettoUART/Core/Inc/stm32l4xx_hal_conf.h_save
2026-05-03 17:38:14,377 [INFO] CodeEngine:345 - Generated code: /Users/cristianpetramale/Biomed_projects/STMWorkSpace/ProgettoUART/Core/Inc/stm32l4xx_hal_conf.h
2026-05-03 17:38:14,404 [WARN] IPConfigManager:3811 - IP not found : TIM
2026-05-03 17:38:14,406 [WARN] CodeGenerator:4259 - IP not found : null
2026-05-03 17:38:14,410 [INFO] CodeEngine:265 - oldGeneratedFile, /Users/cristianpetramale/Biomed_projects/STMWorkSpace/ProgettoUART/Core/Inc/main.h_save
2026-05-03 17:38:14,459 [INFO] CodeEngine:289 - Generated code: /Users/cristianpetramale/Biomed_projects/STMWorkSpace/ProgettoUART/Core/Inc/main.h
2026-05-03 17:38:14,461 [INFO] CodeEngine:265 - oldGeneratedFile, /Users/cristianpetramale/Biomed_projects/STMWorkSpace/ProgettoUART/Core/Src/main.c_save
2026-05-03 17:38:14,554 [INFO] CodeEngine:289 - Generated code: /Users/cristianpetramale/Biomed_projects/STMWorkSpace/ProgettoUART/Core/Src/main.c
2026-05-03 17:38:15,397 [INFO] ProjectBuilder:3606 - Time for Copy HAL[1] : 92mS.
2026-05-03 17:38:15,418 [INFO] ProjectBuilder:5216 - Project Generator version: 4.7.0-B52
2026-05-03 17:38:15,551 [INFO] ConfigFileManager:1595 - The Die is : DIE435
2026-05-03 17:38:17,532 [INFO] ProjectBuilder:5496 - Time for Generating toolchain IDE Files: 2114mS.
2026-05-03 17:38:17,536 [INFO] ProjectBuilder:3463 - Time for Copy CMSIS : 1mS.
2026-05-03 17:38:17,540 [INFO] ProjectBuilder:3463 - Time for Copy CMSIS : 0mS.
2026-05-03 17:43:09,494 [INFO] WebApp:194 - Connection lost
2026-05-03 17:43:10,546 [INFO] WebApp:191 - Connection restablished
