2026-06-04 12:18:00,749 [INFO] NvicIntPanel:101 - NVIC parent = com.st.microxplorer.plugins.ip.nvic.MultiNvicIntPanel[,0,0,0x0,invalid,layout=javax.swing.BoxLayout,alignmentX=0.0,alignmentY=0.0,border=,flags=9,maximumSize=,minimumSize=,preferredSize=]
2026-06-04 12:18:08,009 [INFO] NvicIntPanel:101 - NVIC parent = com.st.microxplorer.plugins.ip.nvic.MultiNvicIntPanel[,0,0,0x0,invalid,layout=javax.swing.BoxLayout,alignmentX=0.0,alignmentY=0.0,border=,flags=9,maximumSize=,minimumSize=,preferredSize=]
2026-06-04 12:18:12,188 [INFO] UtilMem:75 - End SaveConfig() Used Memory: 715279568 Bytes (1073741824)
2026-06-04 12:18:15,135 [INFO] UtilMem:75 - End SaveConfig() Used Memory: 791825616 Bytes (1073741824)
2026-06-04 12:18:15,944 [INFO] BlockDiagram:2775 - set Specific Code input for plugin: NVIC
2026-06-04 12:18:15,945 [INFO] BlockDiagram:2775 - set Specific Code input for plugin: USART
2026-06-04 12:18:15,946 [INFO] BlockDiagram:2775 - set Specific Code input for plugin: USART
2026-06-04 12:18:15,946 [INFO] BlockDiagram:2775 - set Specific Code input for plugin: TIM6_7L4
2026-06-04 12:18:15,946 [INFO] BlockDiagram:2775 - set Specific Code input for plugin: TIM1_8L4
2026-06-04 12:18:15,946 [INFO] BlockDiagram:2775 - set Specific Code input for plugin: SYS
2026-06-04 12:18:15,947 [INFO] BlockDiagram:2775 - set Specific Code input for plugin: GPIO
2026-06-04 12:18:15,947 [INFO] BlockDiagram:2775 - set Specific Code input for plugin: RCC
2026-06-04 12:18:15,948 [INFO] CodeGenerator:892 - code generatio: config db path: /Applications/STM32CubeIDE.app/Contents/Eclipse/plugins/com.st.stm32cube.common.mx_6.15.0.202507011659//db/
2026-06-04 12:18:16,362 [INFO] CodeEngine:265 - oldGeneratedFile, /Users/cristianpetramale/Biomed_projects/STMWorkSpace/Diocane/MXTmpFiles/license.tmp_save
2026-06-04 12:18:16,676 [INFO] CodeEngine:289 - Generated code: /Users/cristianpetramale/Biomed_projects/STMWorkSpace/Diocane/MXTmpFiles/license.tmp
2026-06-04 12:18:16,792 [INFO] CodeEngine:265 - oldGeneratedFile, /Users/cristianpetramale/Biomed_projects/STMWorkSpace/Diocane/MXTmpFiles/gpio.tmp_save
2026-06-04 12:18:16,972 [INFO] CodeEngine:289 - Generated code: /Users/cristianpetramale/Biomed_projects/STMWorkSpace/Diocane/MXTmpFiles/gpio.tmp
2026-06-04 12:18:18,153 [INFO] CodeEngine:265 - oldGeneratedFile, /Users/cristianpetramale/Biomed_projects/STMWorkSpace/Diocane/Core/Src/stm32l4xx_it.c_save
2026-06-04 12:18:18,426 [INFO] CodeEngine:289 - Generated code: /Users/cristianpetramale/Biomed_projects/STMWorkSpace/Diocane/Core/Src/stm32l4xx_it.c
2026-06-04 12:18:18,431 [INFO] CodeEngine:265 - oldGeneratedFile, /Users/cristianpetramale/Biomed_projects/STMWorkSpace/Diocane/Core/Inc/stm32l4xx_it.h_save
2026-06-04 12:18:18,508 [INFO] CodeEngine:289 - Generated code: /Users/cristianpetramale/Biomed_projects/STMWorkSpace/Diocane/Core/Inc/stm32l4xx_it.h
2026-06-04 12:18:18,517 [INFO] CodeEngine:265 - oldGeneratedFile, /Users/cristianpetramale/Biomed_projects/STMWorkSpace/Diocane/Core/Src/stm32l4xx_hal_msp.c_save
2026-06-04 12:18:18,733 [INFO] CodeEngine:289 - Generated code: /Users/cristianpetramale/Biomed_projects/STMWorkSpace/Diocane/Core/Src/stm32l4xx_hal_msp.c
2026-06-04 12:18:18,736 [INFO] CodeEngine:265 - oldGeneratedFile, /Users/cristianpetramale/Biomed_projects/STMWorkSpace/Diocane/MXTmpFiles/system.tmp_save
2026-06-04 12:18:18,810 [INFO] CodeEngine:289 - Generated code: /Users/cristianpetramale/Biomed_projects/STMWorkSpace/Diocane/MXTmpFiles/system.tmp
2026-06-04 12:18:18,817 [INFO] CodeEngine:321 - oldGeneratedFile, /Users/cristianpetramale/Biomed_projects/STMWorkSpace/Diocane/Core/Inc/stm32l4xx_hal_conf.h_save
2026-06-04 12:18:18,910 [INFO] CodeEngine:345 - Generated code: /Users/cristianpetramale/Biomed_projects/STMWorkSpace/Diocane/Core/Inc/stm32l4xx_hal_conf.h
2026-06-04 12:18:18,954 [WARN] IPConfigManager:3811 - IP not found : TIM
2026-06-04 12:18:18,954 [WARN] CodeGenerator:4259 - IP not found : null
2026-06-04 12:18:18,960 [INFO] CodeEngine:265 - oldGeneratedFile, /Users/cristianpetramale/Biomed_projects/STMWorkSpace/Diocane/Core/Inc/main.h_save
2026-06-04 12:18:19,091 [INFO] CodeEngine:289 - Generated code: /Users/cristianpetramale/Biomed_projects/STMWorkSpace/Diocane/Core/Inc/main.h
2026-06-04 12:18:19,095 [INFO] CodeEngine:265 - oldGeneratedFile, /Users/cristianpetramale/Biomed_projects/STMWorkSpace/Diocane/Core/Src/main.c_save
2026-06-04 12:18:19,249 [INFO] CodeEngine:289 - Generated code: /Users/cristianpetramale/Biomed_projects/STMWorkSpace/Diocane/Core/Src/main.c
2026-06-04 12:18:19,935 [INFO] ProjectBuilder:3606 - Time for Copy HAL[1] : 84mS.
2026-06-04 12:18:19,952 [INFO] ProjectBuilder:5216 - Project Generator version: 4.7.0-B52
2026-06-04 12:18:20,084 [INFO] ConfigFileManager:1595 - The Die is : DIE435
2026-06-04 12:18:22,670 [INFO] ProjectBuilder:5496 - Time for Generating toolchain IDE Files: 2719mS.
2026-06-04 12:18:22,671 [INFO] ProjectBuilder:3463 - Time for Copy CMSIS : 1mS.
2026-06-04 12:18:22,671 [INFO] ProjectBuilder:3463 - Time for Copy CMSIS : 0mS.
2026-06-04 12:30:33,986 [INFO] NvicIntPanel:101 - NVIC parent = com.st.microxplorer.plugins.ip.nvic.MultiNvicIntPanel[,0,0,636x201,layout=javax.swing.BoxLayout,alignmentX=0.0,alignmentY=0.0,border=,flags=9,maximumSize=,minimumSize=,preferredSize=]
2026-06-04 12:30:38,073 [INFO] NvicIntPanel:101 - NVIC parent = com.st.microxplorer.plugins.ip.nvic.MultiNvicIntPanel[,0,0,0x0,invalid,layout=javax.swing.BoxLayout,alignmentX=0.0,alignmentY=0.0,border=,flags=9,maximumSize=,minimumSize=,preferredSize=]
2026-06-04 12:30:47,020 [INFO] NvicIntPanel:101 - NVIC parent = com.st.microxplorer.plugins.ip.nvic.MultiNvicIntPanel[,0,0,0x0,invalid,layout=javax.swing.BoxLayout,alignmentX=0.0,alignmentY=0.0,border=,flags=9,maximumSize=,minimumSize=,preferredSize=]
2026-06-04 12:30:54,313 [INFO] NvicIntPanel:101 - NVIC parent = com.st.microxplorer.plugins.ip.nvic.MultiNvicIntPanel[,0,0,0x0,invalid,layout=javax.swing.BoxLayout,alignmentX=0.0,alignmentY=0.0,border=,flags=9,maximumSize=,minimumSize=,preferredSize=]
2026-06-04 12:31:47,616 [INFO] UtilMem:75 - End SaveConfig() Used Memory: 970025544 Bytes (1073741824)
2026-06-04 12:31:50,123 [INFO] UtilMem:75 - End SaveConfig() Used Memory: 989948488 Bytes (1073741824)
2026-06-04 12:31:51,757 [INFO] UtilMem:75 - End SaveConfig() Used Memory: 756640328 Bytes (1073741824)
2026-06-04 12:31:52,186 [INFO] BlockDiagram:2775 - set Specific Code input for plugin: NVIC
2026-06-04 12:31:52,187 [INFO] BlockDiagram:2775 - set Specific Code input for plugin: USART
2026-06-04 12:31:52,187 [INFO] BlockDiagram:2775 - set Specific Code input for plugin: USART
2026-06-04 12:31:52,187 [INFO] BlockDiagram:2775 - set Specific Code input for plugin: TIM6_7L4
2026-06-04 12:31:52,187 [INFO] BlockDiagram:2775 - set Specific Code input for plugin: TIM1_8L4
2026-06-04 12:31:52,187 [INFO] BlockDiagram:2775 - set Specific Code input for plugin: SYS
2026-06-04 12:31:52,187 [INFO] BlockDiagram:2775 - set Specific Code input for plugin: GPIO
2026-06-04 12:31:52,187 [INFO] BlockDiagram:2775 - set Specific Code input for plugin: RCC
2026-06-04 12:31:52,188 [INFO] CodeGenerator:892 - code generatio: config db path: /Applications/STM32CubeIDE.app/Contents/Eclipse/plugins/com.st.stm32cube.common.mx_6.15.0.202507011659//db/
2026-06-04 12:31:52,294 [INFO] CodeEngine:265 - oldGeneratedFile, /Users/cristianpetramale/Biomed_projects/STMWorkSpace/Diocane/MXTmpFiles/license.tmp_save
2026-06-04 12:31:52,573 [INFO] CodeEngine:289 - Generated code: /Users/cristianpetramale/Biomed_projects/STMWorkSpace/Diocane/MXTmpFiles/license.tmp
2026-06-04 12:31:52,663 [INFO] CodeEngine:265 - oldGeneratedFile, /Users/cristianpetramale/Biomed_projects/STMWorkSpace/Diocane/MXTmpFiles/gpio.tmp_save
2026-06-04 12:31:52,781 [INFO] CodeEngine:289 - Generated code: /Users/cristianpetramale/Biomed_projects/STMWorkSpace/Diocane/MXTmpFiles/gpio.tmp
2026-06-04 12:31:53,109 [INFO] CodeEngine:265 - oldGeneratedFile, /Users/cristianpetramale/Biomed_projects/STMWorkSpace/Diocane/Core/Src/stm32l4xx_it.c_save
2026-06-04 12:31:53,237 [INFO] CodeEngine:289 - Generated code: /Users/cristianpetramale/Biomed_projects/STMWorkSpace/Diocane/Core/Src/stm32l4xx_it.c
2026-06-04 12:31:53,239 [INFO] CodeEngine:265 - oldGeneratedFile, /Users/cristianpetramale/Biomed_projects/STMWorkSpace/Diocane/Core/Inc/stm32l4xx_it.h_save
2026-06-04 12:31:53,284 [INFO] CodeEngine:289 - Generated code: /Users/cristianpetramale/Biomed_projects/STMWorkSpace/Diocane/Core/Inc/stm32l4xx_it.h
2026-06-04 12:31:53,292 [INFO] CodeEngine:265 - oldGeneratedFile, /Users/cristianpetramale/Biomed_projects/STMWorkSpace/Diocane/Core/Src/stm32l4xx_hal_msp.c_save
2026-06-04 12:31:53,399 [INFO] CodeEngine:289 - Generated code: /Users/cristianpetramale/Biomed_projects/STMWorkSpace/Diocane/Core/Src/stm32l4xx_hal_msp.c
2026-06-04 12:31:53,402 [INFO] CodeEngine:265 - oldGeneratedFile, /Users/cristianpetramale/Biomed_projects/STMWorkSpace/Diocane/MXTmpFiles/system.tmp_save
2026-06-04 12:31:53,443 [INFO] CodeEngine:289 - Generated code: /Users/cristianpetramale/Biomed_projects/STMWorkSpace/Diocane/MXTmpFiles/system.tmp
2026-06-04 12:31:53,448 [INFO] CodeEngine:321 - oldGeneratedFile, /Users/cristianpetramale/Biomed_projects/STMWorkSpace/Diocane/Core/Inc/stm32l4xx_hal_conf.h_save
2026-06-04 12:31:53,496 [INFO] CodeEngine:345 - Generated code: /Users/cristianpetramale/Biomed_projects/STMWorkSpace/Diocane/Core/Inc/stm32l4xx_hal_conf.h
2026-06-04 12:31:53,535 [WARN] IPConfigManager:3811 - IP not found : TIM
2026-06-04 12:31:53,535 [WARN] CodeGenerator:4259 - IP not found : null
2026-06-04 12:31:53,539 [INFO] CodeEngine:265 - oldGeneratedFile, /Users/cristianpetramale/Biomed_projects/STMWorkSpace/Diocane/Core/Inc/main.h_save
2026-06-04 12:31:53,612 [INFO] CodeEngine:289 - Generated code: /Users/cristianpetramale/Biomed_projects/STMWorkSpace/Diocane/Core/Inc/main.h
2026-06-04 12:31:53,615 [INFO] CodeEngine:265 - oldGeneratedFile, /Users/cristianpetramale/Biomed_projects/STMWorkSpace/Diocane/Core/Src/main.c_save
2026-06-04 12:31:53,743 [INFO] CodeEngine:289 - Generated code: /Users/cristianpetramale/Biomed_projects/STMWorkSpace/Diocane/Core/Src/main.c
2026-06-04 12:31:54,464 [INFO] ProjectBuilder:3606 - Time for Copy HAL[1] : 74mS.
2026-06-04 12:31:54,483 [INFO] ProjectBuilder:5216 - Project Generator version: 4.7.0-B52
2026-06-04 12:31:54,687 [INFO] ConfigFileManager:1595 - The Die is : DIE435
2026-06-04 12:31:56,693 [INFO] ProjectBuilder:5496 - Time for Generating toolchain IDE Files: 2210mS.
2026-06-04 12:31:56,703 [INFO] ProjectBuilder:3463 - Time for Copy CMSIS : 0mS.
2026-06-04 12:31:56,738 [INFO] ProjectBuilder:3463 - Time for Copy CMSIS : 0mS.
2026-06-04 12:32:35,075 [INFO] NvicIntPanel:101 - NVIC parent = com.st.microxplorer.plugins.ip.nvic.MultiNvicIntPanel[,0,0,0x0,invalid,layout=javax.swing.BoxLayout,alignmentX=0.0,alignmentY=0.0,border=,flags=9,maximumSize=,minimumSize=,preferredSize=]
2026-06-04 12:32:38,406 [INFO] NvicIntPanel:101 - NVIC parent = com.st.microxplorer.plugins.ip.nvic.MultiNvicIntPanel[,0,0,0x0,invalid,layout=javax.swing.BoxLayout,alignmentX=0.0,alignmentY=0.0,border=,flags=9,maximumSize=,minimumSize=,preferredSize=]
2026-06-04 12:32:40,830 [INFO] UtilMem:75 - End SaveConfig() Used Memory: 784693256 Bytes (1073741824)
2026-06-04 12:32:42,993 [INFO] UtilMem:75 - End SaveConfig() Used Memory: 823644064 Bytes (1073741824)
2026-06-04 12:32:44,540 [INFO] BlockDiagram:2775 - set Specific Code input for plugin: NVIC
2026-06-04 12:32:44,555 [INFO] BlockDiagram:2775 - set Specific Code input for plugin: USART
2026-06-04 12:32:44,558 [INFO] BlockDiagram:2775 - set Specific Code input for plugin: USART
2026-06-04 12:32:44,558 [INFO] BlockDiagram:2775 - set Specific Code input for plugin: TIM6_7L4
2026-06-04 12:32:44,558 [INFO] BlockDiagram:2775 - set Specific Code input for plugin: TIM1_8L4
2026-06-04 12:32:44,558 [INFO] BlockDiagram:2775 - set Specific Code input for plugin: SYS
2026-06-04 12:32:44,559 [INFO] BlockDiagram:2775 - set Specific Code input for plugin: GPIO
2026-06-04 12:32:44,559 [INFO] BlockDiagram:2775 - set Specific Code input for plugin: RCC
2026-06-04 12:32:44,561 [INFO] CodeGenerator:892 - code generatio: config db path: /Applications/STM32CubeIDE.app/Contents/Eclipse/plugins/com.st.stm32cube.common.mx_6.15.0.202507011659//db/
2026-06-04 12:32:44,751 [INFO] CodeEngine:265 - oldGeneratedFile, /Users/cristianpetramale/Biomed_projects/STMWorkSpace/Diocane/MXTmpFiles/license.tmp_save
2026-06-04 12:32:44,903 [INFO] CodeEngine:289 - Generated code: /Users/cristianpetramale/Biomed_projects/STMWorkSpace/Diocane/MXTmpFiles/license.tmp
2026-06-04 12:32:44,997 [INFO] CodeEngine:265 - oldGeneratedFile, /Users/cristianpetramale/Biomed_projects/STMWorkSpace/Diocane/MXTmpFiles/gpio.tmp_save
2026-06-04 12:32:45,080 [INFO] CodeEngine:289 - Generated code: /Users/cristianpetramale/Biomed_projects/STMWorkSpace/Diocane/MXTmpFiles/gpio.tmp
2026-06-04 12:32:45,337 [INFO] CodeEngine:265 - oldGeneratedFile, /Users/cristianpetramale/Biomed_projects/STMWorkSpace/Diocane/Core/Src/stm32l4xx_it.c_save
2026-06-04 12:32:45,422 [INFO] CodeEngine:289 - Generated code: /Users/cristianpetramale/Biomed_projects/STMWorkSpace/Diocane/Core/Src/stm32l4xx_it.c
2026-06-04 12:32:45,428 [INFO] CodeEngine:265 - oldGeneratedFile, /Users/cristianpetramale/Biomed_projects/STMWorkSpace/Diocane/Core/Inc/stm32l4xx_it.h_save
2026-06-04 12:32:45,476 [INFO] CodeEngine:289 - Generated code: /Users/cristianpetramale/Biomed_projects/STMWorkSpace/Diocane/Core/Inc/stm32l4xx_it.h
2026-06-04 12:32:45,491 [INFO] CodeEngine:265 - oldGeneratedFile, /Users/cristianpetramale/Biomed_projects/STMWorkSpace/Diocane/Core/Src/stm32l4xx_hal_msp.c_save
2026-06-04 12:32:45,599 [INFO] CodeEngine:289 - Generated code: /Users/cristianpetramale/Biomed_projects/STMWorkSpace/Diocane/Core/Src/stm32l4xx_hal_msp.c
2026-06-04 12:32:45,603 [INFO] CodeEngine:265 - oldGeneratedFile, /Users/cristianpetramale/Biomed_projects/STMWorkSpace/Diocane/MXTmpFiles/system.tmp_save
2026-06-04 12:32:45,655 [INFO] CodeEngine:289 - Generated code: /Users/cristianpetramale/Biomed_projects/STMWorkSpace/Diocane/MXTmpFiles/system.tmp
2026-06-04 12:32:45,660 [INFO] CodeEngine:321 - oldGeneratedFile, /Users/cristianpetramale/Biomed_projects/STMWorkSpace/Diocane/Core/Inc/stm32l4xx_hal_conf.h_save
2026-06-04 12:32:45,708 [INFO] CodeEngine:345 - Generated code: /Users/cristianpetramale/Biomed_projects/STMWorkSpace/Diocane/Core/Inc/stm32l4xx_hal_conf.h
2026-06-04 12:32:45,731 [WARN] IPConfigManager:3811 - IP not found : TIM
2026-06-04 12:32:45,732 [WARN] CodeGenerator:4259 - IP not found : null
2026-06-04 12:32:45,734 [INFO] CodeEngine:265 - oldGeneratedFile, /Users/cristianpetramale/Biomed_projects/STMWorkSpace/Diocane/Core/Inc/main.h_save
2026-06-04 12:32:45,789 [INFO] CodeEngine:289 - Generated code: /Users/cristianpetramale/Biomed_projects/STMWorkSpace/Diocane/Core/Inc/main.h
2026-06-04 12:32:45,792 [INFO] CodeEngine:265 - oldGeneratedFile, /Users/cristianpetramale/Biomed_projects/STMWorkSpace/Diocane/Core/Src/main.c_save
2026-06-04 12:32:45,911 [INFO] CodeEngine:289 - Generated code: /Users/cristianpetramale/Biomed_projects/STMWorkSpace/Diocane/Core/Src/main.c
2026-06-04 12:32:46,110 [INFO] ProjectBuilder:3606 - Time for Copy HAL[1] : 64mS.
2026-06-04 12:32:46,113 [INFO] ProjectBuilder:5216 - Project Generator version: 4.7.0-B52
2026-06-04 12:32:46,174 [INFO] ConfigFileManager:1595 - The Die is : DIE435
2026-06-04 12:32:49,108 [INFO] ProjectBuilder:5496 - Time for Generating toolchain IDE Files: 2987mS.
2026-06-04 12:32:49,122 [INFO] ProjectBuilder:3463 - Time for Copy CMSIS : 1mS.
2026-06-04 12:32:49,128 [INFO] ProjectBuilder:3463 - Time for Copy CMSIS : 0mS.
2026-06-04 21:38:59,056 [INFO] WebApp:194 - Connection lost
2026-06-04 21:39:01,353 [INFO] WebApp:191 - Connection restablished
2026-06-04 23:24:31,471 [INFO] NvicIntPanel:101 - NVIC parent = com.st.microxplorer.plugins.ip.nvic.MultiNvicIntPanel[,0,0,0x0,invalid,layout=javax.swing.BoxLayout,alignmentX=0.0,alignmentY=0.0,border=,flags=9,maximumSize=,minimumSize=,preferredSize=]
2026-06-04 23:25:44,141 [INFO] NvicIntPanel:101 - NVIC parent = com.st.microxplorer.plugins.ip.nvic.MultiNvicIntPanel[,0,0,0x0,invalid,layout=javax.swing.BoxLayout,alignmentX=0.0,alignmentY=0.0,border=,flags=9,maximumSize=,minimumSize=,preferredSize=]
2026-06-04 23:25:44,263 [INFO] NvicIntPanel:101 - NVIC parent = com.st.microxplorer.plugins.ip.nvic.MultiNvicIntPanel[,0,0,0x0,invalid,layout=javax.swing.BoxLayout,alignmentX=0.0,alignmentY=0.0,border=,flags=9,maximumSize=,minimumSize=,preferredSize=]
2026-06-04 23:25:45,690 [INFO] NvicIntPanel:101 - NVIC parent = com.st.microxplorer.plugins.ip.nvic.MultiNvicIntPanel[,0,0,0x0,invalid,layout=javax.swing.BoxLayout,alignmentX=0.0,alignmentY=0.0,border=,flags=9,maximumSize=,minimumSize=,preferredSize=]
2026-06-04 23:25:45,785 [INFO] NvicIntPanel:101 - NVIC parent = com.st.microxplorer.plugins.ip.nvic.MultiNvicIntPanel[,0,0,0x0,invalid,layout=javax.swing.BoxLayout,alignmentX=0.0,alignmentY=0.0,border=,flags=9,maximumSize=,minimumSize=,preferredSize=]
2026-06-04 23:26:14,831 [INFO] NvicIntPanel:101 - NVIC parent = com.st.microxplorer.plugins.ip.nvic.MultiNvicIntPanel[,0,0,0x0,invalid,layout=javax.swing.BoxLayout,alignmentX=0.0,alignmentY=0.0,border=,flags=9,maximumSize=,minimumSize=,preferredSize=]
2026-06-04 23:26:14,943 [INFO] NvicIntPanel:101 - NVIC parent = com.st.microxplorer.plugins.ip.nvic.MultiNvicIntPanel[,0,0,0x0,invalid,layout=javax.swing.BoxLayout,alignmentX=0.0,alignmentY=0.0,border=,flags=9,maximumSize=,minimumSize=,preferredSize=]
2026-06-04 23:26:41,112 [INFO] UtilMem:75 - End SaveConfig() Used Memory: 752710808 Bytes (1073741824)
2026-06-04 23:26:43,527 [INFO] UtilMem:75 - End SaveConfig() Used Memory: 797273240 Bytes (1073741824)
2026-06-04 23:26:43,785 [INFO] BlockDiagram:2775 - set Specific Code input for plugin: SPI
2026-06-04 23:26:43,787 [INFO] BlockDiagram:2775 - set Specific Code input for plugin: NVIC
2026-06-04 23:26:43,787 [INFO] BlockDiagram:2775 - set Specific Code input for plugin: USART
2026-06-04 23:26:43,787 [INFO] BlockDiagram:2775 - set Specific Code input for plugin: USART
2026-06-04 23:26:43,788 [INFO] BlockDiagram:2775 - set Specific Code input for plugin: TIM6_7L4
2026-06-04 23:26:43,788 [INFO] BlockDiagram:2775 - set Specific Code input for plugin: TIM1_8L4
2026-06-04 23:26:43,788 [INFO] BlockDiagram:2775 - set Specific Code input for plugin: SYS
2026-06-04 23:26:43,788 [INFO] BlockDiagram:2775 - set Specific Code input for plugin: GPIO
2026-06-04 23:26:43,788 [INFO] BlockDiagram:2775 - set Specific Code input for plugin: RCC
2026-06-04 23:26:43,789 [INFO] CodeGenerator:892 - code generatio: config db path: /Applications/STM32CubeIDE.app/Contents/Eclipse/plugins/com.st.stm32cube.common.mx_6.15.0.202507011659//db/
2026-06-04 23:26:43,964 [INFO] CodeEngine:265 - oldGeneratedFile, /Users/cristianpetramale/Biomed_projects/STMWorkSpace/Diocane/MXTmpFiles/license.tmp_save
2026-06-04 23:26:44,502 [INFO] CodeEngine:289 - Generated code: /Users/cristianpetramale/Biomed_projects/STMWorkSpace/Diocane/MXTmpFiles/license.tmp
2026-06-04 23:26:44,631 [INFO] CodeEngine:265 - oldGeneratedFile, /Users/cristianpetramale/Biomed_projects/STMWorkSpace/Diocane/MXTmpFiles/gpio.tmp_save
2026-06-04 23:26:44,824 [INFO] CodeEngine:289 - Generated code: /Users/cristianpetramale/Biomed_projects/STMWorkSpace/Diocane/MXTmpFiles/gpio.tmp
2026-06-04 23:26:45,909 [INFO] CodeEngine:265 - oldGeneratedFile, /Users/cristianpetramale/Biomed_projects/STMWorkSpace/Diocane/Core/Src/stm32l4xx_it.c_save
2026-06-04 23:26:46,299 [INFO] CodeEngine:289 - Generated code: /Users/cristianpetramale/Biomed_projects/STMWorkSpace/Diocane/Core/Src/stm32l4xx_it.c
2026-06-04 23:26:46,324 [INFO] CodeEngine:265 - oldGeneratedFile, /Users/cristianpetramale/Biomed_projects/STMWorkSpace/Diocane/Core/Inc/stm32l4xx_it.h_save
2026-06-04 23:26:46,617 [INFO] CodeEngine:289 - Generated code: /Users/cristianpetramale/Biomed_projects/STMWorkSpace/Diocane/Core/Inc/stm32l4xx_it.h
2026-06-04 23:26:46,685 [INFO] CodeEngine:265 - oldGeneratedFile, /Users/cristianpetramale/Biomed_projects/STMWorkSpace/Diocane/Core/Src/stm32l4xx_hal_msp.c_save
2026-06-04 23:26:47,051 [INFO] CodeEngine:289 - Generated code: /Users/cristianpetramale/Biomed_projects/STMWorkSpace/Diocane/Core/Src/stm32l4xx_hal_msp.c
2026-06-04 23:26:47,055 [INFO] CodeEngine:265 - oldGeneratedFile, /Users/cristianpetramale/Biomed_projects/STMWorkSpace/Diocane/MXTmpFiles/system.tmp_save
2026-06-04 23:26:47,146 [INFO] CodeEngine:289 - Generated code: /Users/cristianpetramale/Biomed_projects/STMWorkSpace/Diocane/MXTmpFiles/system.tmp
2026-06-04 23:26:47,160 [INFO] CodeEngine:321 - oldGeneratedFile, /Users/cristianpetramale/Biomed_projects/STMWorkSpace/Diocane/Core/Inc/stm32l4xx_hal_conf.h_save
2026-06-04 23:26:47,243 [INFO] CodeEngine:345 - Generated code: /Users/cristianpetramale/Biomed_projects/STMWorkSpace/Diocane/Core/Inc/stm32l4xx_hal_conf.h
2026-06-04 23:26:47,387 [INFO] ApiDbMcu:532 - Load IP Config File for SPI1
2026-06-04 23:26:47,390 [WARN] IPConfigManager:3811 - IP not found : TIM
2026-06-04 23:26:47,391 [WARN] CodeGenerator:4259 - IP not found : null
2026-06-04 23:26:47,421 [INFO] CodeEngine:265 - oldGeneratedFile, /Users/cristianpetramale/Biomed_projects/STMWorkSpace/Diocane/Core/Inc/main.h_save
2026-06-04 23:26:47,549 [INFO] CodeEngine:289 - Generated code: /Users/cristianpetramale/Biomed_projects/STMWorkSpace/Diocane/Core/Inc/main.h
2026-06-04 23:26:47,552 [INFO] CodeEngine:265 - oldGeneratedFile, /Users/cristianpetramale/Biomed_projects/STMWorkSpace/Diocane/Core/Src/main.c_save
2026-06-04 23:26:47,692 [INFO] CodeEngine:289 - Generated code: /Users/cristianpetramale/Biomed_projects/STMWorkSpace/Diocane/Core/Src/main.c
2026-06-04 23:26:48,029 [INFO] ProjectBuilder:3606 - Time for Copy HAL[1] : 85mS.
2026-06-04 23:26:48,037 [INFO] ProjectBuilder:5216 - Project Generator version: 4.7.0-B52
2026-06-04 23:26:48,121 [INFO] ConfigFileManager:1595 - The Die is : DIE435
2026-06-04 23:26:51,859 [INFO] ProjectBuilder:5496 - Time for Generating toolchain IDE Files: 3804mS.
2026-06-04 23:26:51,878 [INFO] ProjectBuilder:3463 - Time for Copy CMSIS : 2mS.
2026-06-04 23:26:51,887 [INFO] ProjectBuilder:3463 - Time for Copy CMSIS : 0mS.
