2026-05-20 15:33:23,155 [INFO] Activator:176 - 


2026-05-20 15:33:23,160 [INFO] Activator:177 - !SESSION log4j initialized
2026-05-20 15:33:28,170 [INFO] LogOutputStream:77 - [STDOUT_REDIRECT] 
2026-05-20 15:33:28,468 [ERROR] LogOutputStream:75 - [STDERR_REDIRECT] 
2026-05-20 15:33:35,063 [INFO] LogOutputStream:77 - [STDOUT_REDIRECT] 
2026-05-20 15:33:41,404 [INFO] ApplicationProperties:184 - Using Application install path: /Applications/STM32CubeIDE.app/Contents/Eclipse/plugins/com.st.stm32cube.common.mx_6.15.0.202507011659
2026-05-20 15:33:41,420 [INFO] DbMcusXml:78 - Set database path to: /Applications/STM32CubeIDE.app/Contents/Eclipse/plugins/com.st.stm32cube.common.mx_6.15.0.202507011659//db//mcu/
2026-05-20 15:33:41,420 [INFO] ApiDb:274 - Set plugin database path to: /Applications/STM32CubeIDE.app/Contents/Eclipse/plugins/com.st.stm32cube.common.mx_6.15.0.202507011659//db//plugins/boardmanager/
2026-05-20 15:33:41,421 [WARN] ApiDb:259 - Overriding images path with different value:  => /Applications/STM32CubeIDE.app/Contents/Eclipse/plugins/com.st.stm32cube.common.mx_6.15.0.202507011659//db//plugins/mcufinder/images/
2026-05-20 15:33:41,428 [INFO] ApiDb:250 - Set database path to: /Users/cristianpetramale/.stmcufinder/plugins/mcufinder//mcu/
2026-05-20 15:33:41,430 [INFO] DbMcusAds:125 - Set database path to: /Users/cristianpetramale/.stmcufinder/plugins/mcufinder//mcu/
2026-05-20 15:33:41,431 [INFO] CrossReferenceDbSqlite:203 - Set database path to: /Users/cristianpetramale/.stmcufinder/plugins/mcufinder//mcu/cs/
2026-05-20 15:33:41,550 [INFO] RulesReader:64 - Compatibility file has been processed (317 Rules)
2026-05-20 15:33:41,596 [INFO] DbMcusXml:78 - Set database path to: /Applications/STM32CubeIDE.app/Contents/Eclipse/plugins/com.st.stm32cube.common.mx_6.15.0.202507011659//db//mcu/
2026-05-20 15:33:41,596 [INFO] ApiDb:274 - Set plugin database path to: /Applications/STM32CubeIDE.app/Contents/Eclipse/plugins/com.st.stm32cube.common.mx_6.15.0.202507011659//db//plugins/boardmanager/
2026-05-20 15:33:41,596 [INFO] ApiDb:261 - Set plugin images path to: /Applications/STM32CubeIDE.app/Contents/Eclipse/plugins/com.st.stm32cube.common.mx_6.15.0.202507011659//db//plugins/mcufinder/images/
2026-05-20 15:33:41,597 [WARN] DbFile:41 - Overriding database path with different value: /Users/cristianpetramale/.stmcufinder/plugins/mcufinder/ => /Users/cristianpetramale/.stmcufinder/plugins/mcufinder
2026-05-20 15:33:41,597 [INFO] ApiDb:250 - Set database path to: /Users/cristianpetramale/.stmcufinder/plugins/mcufinder//mcu/
2026-05-20 15:33:41,597 [WARN] DbFile:41 - Overriding database path with different value: /Users/cristianpetramale/.stmcufinder/plugins/mcufinder/ => /Users/cristianpetramale/.stmcufinder/plugins/mcufinder
2026-05-20 15:33:41,597 [INFO] DbMcusAds:125 - Set database path to: /Users/cristianpetramale/.stmcufinder/plugins/mcufinder//mcu/
2026-05-20 15:33:41,597 [WARN] DbFile:41 - Overriding database path with different value: /Users/cristianpetramale/.stmcufinder/plugins/mcufinder/ => /Users/cristianpetramale/.stmcufinder/plugins/mcufinder
2026-05-20 15:33:41,597 [WARN] DbFile:41 - Overriding database path with different value: /Users/cristianpetramale/.stmcufinder/plugins/mcufinder/ => /Users/cristianpetramale/.stmcufinder/plugins/mcufinder
2026-05-20 15:33:41,597 [INFO] CrossReferenceDbSqlite:203 - Set database path to: /Users/cristianpetramale/.stmcufinder/plugins/mcufinder//mcu/cs/
2026-05-20 15:33:41,675 [INFO] MainPanel:274 - HeapMemory: 268435456
2026-05-20 15:33:42,064 [INFO] DbMcusXml:78 - Set database path to: /Applications/STM32CubeIDE.app/Contents/Eclipse/plugins/com.st.stm32cube.common.mx_6.15.0.202507011659//db//mcu/
2026-05-20 15:33:42,064 [INFO] ApiDb:274 - Set plugin database path to: /Applications/STM32CubeIDE.app/Contents/Eclipse/plugins/com.st.stm32cube.common.mx_6.15.0.202507011659//db//plugins/boardmanager/
2026-05-20 15:33:42,064 [INFO] ApiDb:261 - Set plugin images path to: /Applications/STM32CubeIDE.app/Contents/Eclipse/plugins/com.st.stm32cube.common.mx_6.15.0.202507011659//db//plugins/mcufinder/images/
2026-05-20 15:33:42,064 [WARN] DbFile:41 - Overriding database path with different value: /Users/cristianpetramale/.stmcufinder/plugins/mcufinder/ => /Users/cristianpetramale/.stmcufinder/plugins/mcufinder
2026-05-20 15:33:42,064 [INFO] ApiDb:250 - Set database path to: /Users/cristianpetramale/.stmcufinder/plugins/mcufinder//mcu/
2026-05-20 15:33:42,064 [WARN] DbFile:41 - Overriding database path with different value: /Users/cristianpetramale/.stmcufinder/plugins/mcufinder/ => /Users/cristianpetramale/.stmcufinder/plugins/mcufinder
2026-05-20 15:33:42,065 [INFO] DbMcusAds:125 - Set database path to: /Users/cristianpetramale/.stmcufinder/plugins/mcufinder//mcu/
2026-05-20 15:33:42,065 [WARN] DbFile:41 - Overriding database path with different value: /Users/cristianpetramale/.stmcufinder/plugins/mcufinder/ => /Users/cristianpetramale/.stmcufinder/plugins/mcufinder
2026-05-20 15:33:42,065 [WARN] DbFile:41 - Overriding database path with different value: /Users/cristianpetramale/.stmcufinder/plugins/mcufinder/ => /Users/cristianpetramale/.stmcufinder/plugins/mcufinder
2026-05-20 15:33:42,065 [INFO] CrossReferenceDbSqlite:203 - Set database path to: /Users/cristianpetramale/.stmcufinder/plugins/mcufinder//mcu/cs/
2026-05-20 15:33:42,079 [INFO] ApplicationProperties:184 - Using Application install path: /Applications/STM32CubeIDE.app/Contents/Eclipse/plugins/com.st.stm32cube.common.mx_6.15.0.202507011659
2026-05-20 15:33:42,080 [INFO] PluginManage:196 - Search for loadable plugins [exclusion list=, ]
2026-05-20 15:33:42,081 [INFO] PluginManage:310 - Check plugin analytics
2026-05-20 15:33:42,257 [INFO] AnalyticsPlugin:253 - Accepted Software Licenses: 
2026-05-20 15:33:42,257 [INFO] AnalyticsPlugin:255 - Accepted CMSIS Pack Licenses: 
2026-05-20 15:33:42,257 [INFO] AnalyticsPlugin:257 - Accepted Firmware Licenses: FW.L4.1.18.0
2026-05-20 15:33:42,263 [INFO] PluginManage:359 - Loaded plugin analytics (category:tool,tabindex:-1)
2026-05-20 15:33:42,264 [INFO] PluginManage:310 - Check plugin cadmodel
2026-05-20 15:33:42,275 [INFO] CADModel:105 - Init CAD model plugin
2026-05-20 15:33:42,275 [INFO] PluginManage:359 - Loaded plugin cadmodel (category:power,tabindex:5)
2026-05-20 15:33:42,275 [INFO] PluginManage:310 - Check plugin clock
2026-05-20 15:33:42,284 [INFO] PluginManage:359 - Loaded plugin clock (category:base,tabindex:2)
2026-05-20 15:33:42,284 [INFO] PluginManage:310 - Check plugin ddr
2026-05-20 15:33:42,286 [INFO] PluginManage:359 - Loaded plugin ddr (category:tool,tabindex:6)
2026-05-20 15:33:42,286 [INFO] PluginManage:310 - Check plugin filemanager
2026-05-20 15:33:42,416 [INFO] PluginManage:359 - Loaded plugin filemanager (category:base,tabindex:10)
2026-05-20 15:33:42,416 [INFO] PluginManage:310 - Check plugin ipmanager
2026-05-20 15:33:42,423 [INFO] PluginManage:359 - Loaded plugin ipmanager (category:base,tabindex:5)
2026-05-20 15:33:42,423 [INFO] PluginManage:310 - Check plugin lpbam
2026-05-20 15:33:42,436 [INFO] PluginManage:359 - Loaded plugin lpbam (category:base,tabindex:0)
2026-05-20 15:33:42,437 [INFO] PluginManage:310 - Check plugin memorymap
2026-05-20 15:33:42,445 [INFO] PluginManage:359 - Loaded plugin memorymap (category:base,tabindex:4)
2026-05-20 15:33:42,445 [INFO] PluginManage:310 - Check plugin pinoutandconfiguration
2026-05-20 15:33:42,452 [INFO] PluginManage:359 - Loaded plugin pinoutandconfiguration (category:base,tabindex:1)
2026-05-20 15:33:42,452 [INFO] PluginManage:310 - Check plugin pinoutconfig
2026-05-20 15:33:42,520 [WARN] SupportedApi:132 - Cannot load RTOS API schema: s4s-elt-must-match.1: The content of 'definitions' must match (annotation?, (simpleType | complexType)?, (unique | key | keyref)*)). A problem was found starting at: attribute.
2026-05-20 15:33:42,628 [INFO] PluginManage:359 - Loaded plugin pinoutconfig (category:base,tabindex:0)
2026-05-20 15:33:42,628 [INFO] PluginManage:310 - Check plugin power
2026-05-20 15:33:42,636 [INFO] PluginManage:359 - Loaded plugin power (category:power,tabindex:4)
2026-05-20 15:33:42,636 [INFO] PluginManage:310 - Check plugin projectmanager
2026-05-20 15:33:42,657 [INFO] PluginManage:359 - Loaded plugin projectmanager (category:projectmanager,tabindex:4)
2026-05-20 15:33:42,657 [INFO] PluginManage:310 - Check plugin rif
2026-05-20 15:33:42,664 [INFO] PluginManage:359 - Loaded plugin rif (category:base,tabindex:3)
2026-05-20 15:33:42,664 [INFO] PluginManage:310 - Check plugin thirdparty
2026-05-20 15:33:42,810 [INFO] PluginManage:359 - Loaded plugin thirdparty (category:base,tabindex:-1)
2026-05-20 15:33:42,811 [INFO] PluginManage:310 - Check plugin tools
2026-05-20 15:33:42,810 [WARN] IntegrityCheckThread:84 - waiting for thirdparty lock release [integrity check]
2026-05-20 15:33:42,811 [INFO] IntegrityCheckThread:86 - entering critical section [integrity check]
2026-05-20 15:33:42,811 [INFO] ThirdPartyUpdaterWithRetryManager:70 - Updater plugin not ready yet. [1/15]
2026-05-20 15:33:42,812 [INFO] PluginManage:359 - Loaded plugin tools (category:base,tabindex:7)
2026-05-20 15:33:42,813 [INFO] PluginManage:310 - Check plugin tutovideos
2026-05-20 15:33:42,957 [INFO] PluginManage:359 - Loaded plugin tutovideos (category:base,tabindex:-1)
2026-05-20 15:33:42,957 [INFO] PluginManage:310 - Check plugin updater
2026-05-20 15:33:42,986 [INFO] PluginManage:359 - Loaded plugin updater (category:base,tabindex:12)
2026-05-20 15:33:42,986 [INFO] PluginManage:310 - Check plugin userauth
2026-05-20 15:33:42,990 [INFO] UserAuth:118 - Init User Auth plugin
2026-05-20 15:33:42,991 [INFO] PluginManage:359 - Loaded plugin userauth (category:base,tabindex:14)
2026-05-20 15:33:42,992 [INFO] PluginManage:283 - PluginManage : Loaded plugins [18]
2026-05-20 15:33:43,190 [INFO] PinOutPanel:1589 - setPackage(No Configuration,No Configuration)
2026-05-20 15:33:43,242 [INFO] CADModel:165 - CPN selected for project level
2026-05-20 15:33:43,242 [INFO] CADModel:114 - Register for checkConnection events
2026-05-20 15:33:43,250 [INFO] IPUIPlugin:80 - create IPUIPlugin
2026-05-20 15:33:43,250 [INFO] PluginManager:220 - loadIPPluginJar : add mdma
2026-05-20 15:33:43,255 [INFO] IPUIPlugin:80 - create IPUIPlugin
2026-05-20 15:33:43,255 [INFO] PluginManager:220 - loadIPPluginJar : add freertos
2026-05-20 15:33:43,258 [INFO] IPUIPlugin:80 - create IPUIPlugin
2026-05-20 15:33:43,258 [INFO] PluginManager:220 - loadIPPluginJar : add gic
2026-05-20 15:33:43,264 [INFO] IPUIPlugin:80 - create IPUIPlugin
2026-05-20 15:33:43,264 [INFO] PluginManager:220 - loadIPPluginJar : add adc
2026-05-20 15:33:43,265 [INFO] IPUIPlugin:80 - create IPUIPlugin
2026-05-20 15:33:43,265 [INFO] PluginManager:220 - loadIPPluginJar : add gtzc
2026-05-20 15:33:43,266 [INFO] IPUIPlugin:80 - create IPUIPlugin
2026-05-20 15:33:43,266 [INFO] PluginManager:220 - loadIPPluginJar : add quadspi
2026-05-20 15:33:43,267 [INFO] IPUIPlugin:80 - create IPUIPlugin
2026-05-20 15:33:43,267 [INFO] PluginManager:220 - loadIPPluginJar : add aes
2026-05-20 15:33:43,269 [INFO] IPUIPlugin:80 - create IPUIPlugin
2026-05-20 15:33:43,269 [INFO] PluginManager:220 - loadIPPluginJar : add pdm2pcm
2026-05-20 15:33:43,270 [INFO] IPUIPlugin:80 - create IPUIPlugin
2026-05-20 15:33:43,270 [INFO] PluginManager:220 - loadIPPluginJar : add hash
2026-05-20 15:33:43,271 [INFO] IPUIPlugin:80 - create IPUIPlugin
2026-05-20 15:33:43,271 [INFO] PluginManager:220 - loadIPPluginJar : add tim
2026-05-20 15:33:43,272 [INFO] IPUIPlugin:80 - create IPUIPlugin
2026-05-20 15:33:43,272 [INFO] PluginManager:220 - loadIPPluginJar : add tsc
2026-05-20 15:33:43,274 [INFO] IPUIPlugin:80 - create IPUIPlugin
2026-05-20 15:33:43,274 [INFO] PluginManager:220 - loadIPPluginJar : add extmemmanager
2026-05-20 15:33:43,275 [INFO] IPUIPlugin:80 - create IPUIPlugin
2026-05-20 15:33:43,275 [INFO] PluginManager:220 - loadIPPluginJar : add ts
2026-05-20 15:33:43,276 [INFO] IPUIPlugin:80 - create IPUIPlugin
2026-05-20 15:33:43,276 [INFO] PluginManager:220 - loadIPPluginJar : add radio
2026-05-20 15:33:43,277 [INFO] IPUIPlugin:80 - create IPUIPlugin
2026-05-20 15:33:43,277 [INFO] PluginManager:220 - loadIPPluginJar : add can
2026-05-20 15:33:43,278 [INFO] IPUIPlugin:80 - create IPUIPlugin
2026-05-20 15:33:43,278 [INFO] PluginManager:220 - loadIPPluginJar : add dma3
2026-05-20 15:33:43,280 [INFO] IPUIPlugin:80 - create IPUIPlugin
2026-05-20 15:33:43,280 [INFO] PluginManager:220 - loadIPPluginJar : add dfsdm
2026-05-20 15:33:43,281 [INFO] IPUIPlugin:80 - create IPUIPlugin
2026-05-20 15:33:43,281 [INFO] PluginManager:220 - loadIPPluginJar : add spi
2026-05-20 15:33:43,282 [INFO] IPUIPlugin:80 - create IPUIPlugin
2026-05-20 15:33:43,282 [INFO] PluginManager:220 - loadIPPluginJar : add gfxmmu
2026-05-20 15:33:43,283 [INFO] IPUIPlugin:80 - create IPUIPlugin
2026-05-20 15:33:43,283 [INFO] PluginManager:220 - loadIPPluginJar : add genericplugin
2026-05-20 15:33:43,284 [INFO] IPUIPlugin:80 - create IPUIPlugin
2026-05-20 15:33:43,284 [INFO] PluginManager:220 - loadIPPluginJar : add cryp
2026-05-20 15:33:43,286 [INFO] IPUIPlugin:80 - create IPUIPlugin
2026-05-20 15:33:43,286 [INFO] PluginManager:220 - loadIPPluginJar : add gpio
2026-05-20 15:33:43,288 [INFO] IPUIPlugin:80 - create IPUIPlugin
2026-05-20 15:33:43,288 [INFO] PluginManager:220 - loadIPPluginJar : add ddr_ctrl_phy
2026-05-20 15:33:43,289 [INFO] IPUIPlugin:80 - create IPUIPlugin
2026-05-20 15:33:43,289 [INFO] PluginManager:220 - loadIPPluginJar : add comp
2026-05-20 15:33:43,291 [INFO] IPUIPlugin:80 - create IPUIPlugin
2026-05-20 15:33:43,291 [INFO] PluginManager:220 - loadIPPluginJar : add tracer_emb
2026-05-20 15:33:43,293 [INFO] IPUIPlugin:80 - create IPUIPlugin
2026-05-20 15:33:43,293 [INFO] PluginManager:220 - loadIPPluginJar : add openamp
2026-05-20 15:33:43,296 [INFO] IPUIPlugin:80 - create IPUIPlugin
2026-05-20 15:33:43,296 [INFO] PluginManager:220 - loadIPPluginJar : add stm32_wpan
2026-05-20 15:33:43,299 [INFO] IPUIPlugin:80 - create IPUIPlugin
2026-05-20 15:33:43,300 [INFO] PluginManager:220 - loadIPPluginJar : add plateformsettings
2026-05-20 15:33:43,302 [INFO] IPUIPlugin:80 - create IPUIPlugin
2026-05-20 15:33:43,302 [INFO] PluginManager:220 - loadIPPluginJar : add ipddr
2026-05-20 15:33:43,303 [INFO] IPUIPlugin:80 - create IPUIPlugin
2026-05-20 15:33:43,303 [INFO] PluginManager:220 - loadIPPluginJar : add usart
2026-05-20 15:33:43,304 [INFO] IPUIPlugin:80 - create IPUIPlugin
2026-05-20 15:33:43,304 [INFO] PluginManager:220 - loadIPPluginJar : add ltdc
2026-05-20 15:33:43,305 [INFO] IPUIPlugin:80 - create IPUIPlugin
2026-05-20 15:33:43,305 [INFO] PluginManager:220 - loadIPPluginJar : add nvic
2026-05-20 15:33:43,305 [INFO] IPUIPlugin:80 - create IPUIPlugin
2026-05-20 15:33:43,306 [INFO] PluginManager:220 - loadIPPluginJar : add fatfs
2026-05-20 15:33:43,309 [INFO] IPUIPlugin:80 - create IPUIPlugin
2026-05-20 15:33:43,309 [INFO] PluginManager:220 - loadIPPluginJar : add linkedlist
2026-05-20 15:33:43,312 [INFO] IPUIPlugin:80 - create IPUIPlugin
2026-05-20 15:33:43,312 [INFO] PluginManager:220 - loadIPPluginJar : add dma
2026-05-20 15:33:43,314 [INFO] IPUIPlugin:80 - create IPUIPlugin
2026-05-20 15:33:43,314 [INFO] PluginManager:220 - loadIPPluginJar : add fmc
2026-05-20 15:33:43,315 [INFO] IPUIPlugin:80 - create IPUIPlugin
2026-05-20 15:33:43,315 [INFO] PluginManager:220 - loadIPPluginJar : add i2s
2026-05-20 15:33:43,316 [INFO] IPUIPlugin:80 - create IPUIPlugin
2026-05-20 15:33:43,316 [INFO] PluginManager:220 - loadIPPluginJar : add ucpd
2026-05-20 15:33:43,317 [INFO] IPUIPlugin:80 - create IPUIPlugin
2026-05-20 15:33:43,317 [INFO] PluginManager:220 - loadIPPluginJar : add lorawan
2026-05-20 15:33:43,318 [INFO] IPUIPlugin:80 - create IPUIPlugin
2026-05-20 15:33:43,318 [INFO] PluginManager:220 - loadIPPluginJar : add opamp
2026-05-20 15:33:43,319 [INFO] IPUIPlugin:80 - create IPUIPlugin
2026-05-20 15:33:43,319 [INFO] PluginManager:220 - loadIPPluginJar : add i3c
2026-05-20 15:33:43,320 [INFO] IPUIPlugin:80 - create IPUIPlugin
2026-05-20 15:33:43,320 [INFO] PluginManager:220 - loadIPPluginJar : add touchsensing
2026-05-20 15:33:43,322 [INFO] IPUIPlugin:80 - create IPUIPlugin
2026-05-20 15:33:43,322 [INFO] PluginManager:220 - loadIPPluginJar : add i2c
2026-05-20 15:33:43,323 [INFO] IPUIPlugin:80 - create IPUIPlugin
2026-05-20 15:33:43,323 [INFO] PluginManager:220 - loadIPPluginJar : add resmgrutility
2026-05-20 15:33:43,325 [INFO] IPUIPlugin:80 - create IPUIPlugin
2026-05-20 15:33:43,325 [INFO] PluginManager:220 - loadIPPluginJar : add sai
2026-05-20 15:33:43,327 [INFO] IPUIPlugin:80 - create IPUIPlugin
2026-05-20 15:33:43,327 [INFO] PluginManager:220 - loadIPPluginJar : add usbx
2026-05-20 15:33:43,429 [FATAL] Updater:351 - Updater called before beeing initialized
2026-05-20 15:33:43,467 [INFO] RulesReader:64 - Compatibility file has been processed (317 Rules)
2026-05-20 15:33:43,477 [INFO] RulesReader:64 - Compatibility file has been processed (317 Rules)
2026-05-20 15:33:43,483 [INFO] CADModel:165 - CPN selected for project level
2026-05-20 15:33:43,483 [INFO] CADModel:114 - Register for checkConnection events
2026-05-20 15:33:43,484 [FATAL] Updater:351 - Updater called before beeing initialized
2026-05-20 15:33:43,484 [ERROR] CADModel:125 - Updater not yet initialized, retry later 
2026-05-20 15:33:43,693 [FATAL] Updater:351 - Updater called before beeing initialized
2026-05-20 15:33:43,695 [INFO] CADModel:165 - CPN selected for project level
2026-05-20 15:33:43,695 [INFO] CADModel:114 - Register for checkConnection events
2026-05-20 15:33:43,695 [FATAL] Updater:351 - Updater called before beeing initialized
2026-05-20 15:33:43,695 [ERROR] CADModel:125 - Updater not yet initialized, retry later 
2026-05-20 15:33:43,697 [FATAL] Updater:351 - Updater called before beeing initialized
2026-05-20 15:33:43,841 [FATAL] Updater:351 - Updater called before beeing initialized
2026-05-20 15:33:43,845 [INFO] DbMcusAds:53 - JSON generation date=Mon Apr 27 10:14:29 CEST 2026 (1777277669683)
2026-05-20 15:33:43,845 [FATAL] Updater:351 - Updater called before beeing initialized
2026-05-20 15:33:43,898 [WARN] DetailPanel:346 - Failed to get advertising image, set to default
2026-05-20 15:33:43,964 [FATAL] Updater:351 - Updater called before beeing initialized
2026-05-20 15:33:43,966 [FATAL] Updater:351 - Updater called before beeing initialized
2026-05-20 15:33:43,967 [FATAL] Updater:351 - Updater called before beeing initialized
2026-05-20 15:33:43,967 [WARN] DetailPanel:346 - Failed to get advertising image, set to default
2026-05-20 15:33:43,969 [FATAL] Updater:351 - Updater called before beeing initialized
2026-05-20 15:33:44,014 [ERROR] Updater:1198 - MainUpdater not yet initialized. External WinMGr cannot be set.
2026-05-20 15:33:44,018 [INFO] Updater:1134 - Updater Version found : 6.15.0
2026-05-20 15:33:44,029 [INFO] ApplicationProperties:184 - Using Application install path: /Applications/STM32CubeIDE.app/Contents/Eclipse/plugins/com.st.stm32cube.common.mx_6.15.0.202507011659
2026-05-20 15:33:45,819 [INFO] ThirdPartyUpdaterWithRetryManager:70 - Updater plugin not ready yet. [2/15]
2026-05-20 15:33:47,044 [ERROR] ConfigurationRetriever:142 - IOException on connection: Read timed out
2026-05-20 15:33:48,824 [FATAL] Updater:351 - Updater called before beeing initialized
2026-05-20 15:33:48,825 [ERROR] IntegrityCheckThread:130 - Cannot retrieve database content from updater: error 21
2026-05-20 15:33:48,826 [INFO] ThirdParty:978 - Integrity check success = false
2026-05-20 15:33:48,826 [INFO] IntegrityCheckThread:100 - exiting critical section [integrity check]
2026-05-20 15:33:48,826 [INFO] IntegrityCheckThread:103 - End integrity checks thread
2026-05-20 15:33:49,110 [ERROR] ConfigurationRetriever:142 - IOException on connection: Read timed out
2026-05-20 15:33:49,126 [INFO] RetryExec:97 - I/O exception (java.net.NoRouteToHostException) caught when processing request to {s}->https://sw-center.st.com:443: No route to host
2026-05-20 15:33:49,128 [INFO] RetryExec:113 - Retrying request to {s}->https://sw-center.st.com:443
2026-05-20 15:33:51,194 [ERROR] ConfigurationRetriever:142 - IOException on connection: Read timed out
2026-05-20 15:33:53,382 [INFO] RetryExec:97 - I/O exception (java.net.NoRouteToHostException) caught when processing request to {s}->https://sw-center.st.com:443: No route to host
2026-05-20 15:33:53,382 [INFO] RetryExec:113 - Retrying request to {s}->https://sw-center.st.com:443
2026-05-20 15:33:57,507 [INFO] RetryExec:97 - I/O exception (java.net.NoRouteToHostException) caught when processing request to {s}->https://sw-center.st.com:443: No route to host
2026-05-20 15:33:57,508 [INFO] RetryExec:113 - Retrying request to {s}->https://sw-center.st.com:443
2026-05-20 15:33:59,557 [INFO] MainUpdater:2872 - connection check result : 10
2026-05-20 15:33:59,557 [INFO] MainUpdater:3604 - Updater definition file requires update
2026-05-20 15:33:59,559 [INFO] MainUpdater:289 - Updater Check For Update Now.
2026-05-20 15:33:59,560 [INFO] MicroXplorer:498 - Change Database Version : DB.6.0.150
2026-05-20 15:33:59,578 [INFO] McuFinderGlobals:63 - Set McuFinder mode to 2 (CubeIDE integrated)
2026-05-20 15:33:59,583 [INFO] UserAuth:487 - Internet connection configuration mode: 1
2026-05-20 15:33:59,600 [INFO] JxBrowserEngine:152 - Initiate JxBrowser Engine with user profile folder
2026-05-20 15:34:00,136 [INFO] ServerAccessManage:452 - Complete download http(s) 200
2026-05-20 15:34:00,138 [INFO] ServerAccessManage:509 - Download File updaters.zip
2026-05-20 15:34:00,954 [INFO] FileExtend:248 - Unzip File : updaters.zip
2026-05-20 15:34:00,971 [INFO] FileExtend:263 - Standard Zip Deflate
2026-05-20 15:34:02,130 [INFO] ServerAccessManage:452 - Complete download http(s) 200
2026-05-20 15:34:02,143 [INFO] ServerAccessManage:509 - Download File PacksControlFlags.xml
2026-05-20 15:34:03,044 [INFO] ServerAccessManage:452 - Complete download http(s) 200
2026-05-20 15:34:03,045 [INFO] ServerAccessManage:509 - Download File cubemx.pidx
2026-05-20 15:34:03,230 [INFO] LoadServerUpdatesThread:375 - End of LoadServerUpdate Thread
2026-05-20 15:34:03,397 [INFO] CheckServerUpdateThread:120 - End of CheckServer Thread
2026-05-20 15:34:04,786 [INFO] WebApp:169 - Instantiating new browser for Auth
2026-05-20 15:34:06,211 [INFO] WebApp:463 - Apply proxy settings
2026-05-20 15:34:06,221 [INFO] WebApp:508 - Chromium authenticates against Manually configured proxy
2026-05-20 15:34:06,237 [INFO] WebApp:516 - Username used for proxy authentication: 
2026-05-20 15:34:06,281 [INFO] WebApp:900 - Register for checkConnection events
2026-05-20 15:34:06,281 [INFO] WebApp:463 - Apply proxy settings
2026-05-20 15:34:06,285 [INFO] WebApp:508 - Chromium authenticates against Manually configured proxy
2026-05-20 15:34:06,285 [INFO] WebApp:516 - Username used for proxy authentication: 
2026-05-20 15:34:06,414 [INFO] WebApp:225 - Starting web application
2026-05-20 15:34:06,414 [INFO] WebApp:593 - Web application path used /Applications/STM32CubeIDE.app/Contents/Eclipse/plugins/com.st.stm32cube.common.mx_6.15.0.202507011659/db/plugins/mcufinder/reactClient1/index.html
2026-05-20 15:34:06,998 [INFO] UserAuth:487 - Internet connection configuration mode: 1
2026-05-20 15:34:11,804 [INFO] WebApp:191 - Connection restablished
2026-05-20 16:14:50,378 [INFO] WebApp:194 - Connection lost
2026-05-20 16:58:56,902 [INFO] WebApp:191 - Connection restablished
2026-05-20 18:53:15,828 [INFO] WebApp:194 - Connection lost
2026-05-20 19:24:14,378 [INFO] WebApp:191 - Connection restablished
2026-05-20 19:42:48,041 [ERROR] LogOutputStream:75 - [STDERR_REDIRECT] 
