2026-05-27 00:46:10,478 [INFO] WebApp:194 - Connection lost
2026-05-27 00:46:12,405 [INFO] WebApp:191 - Connection restablished
2026-05-27 00:47:20,043 [INFO] WebApp:194 - Connection lost
2026-05-27 00:47:20,533 [INFO] WebApp:191 - Connection restablished
2026-05-27 08:31:53,427 [INFO] WebApp:194 - Connection lost
2026-05-27 08:31:54,767 [INFO] WebApp:191 - Connection restablished
2026-05-27 09:52:22,385 [INFO] WebApp:194 - Connection lost
2026-05-27 09:52:24,062 [INFO] WebApp:191 - Connection restablished
2026-05-27 12:52:01,938 [INFO] WebApp:194 - Connection lost
2026-05-27 13:54:12,906 [INFO] WebApp:191 - Connection restablished
2026-05-27 14:27:54,190 [INFO] I2cTimingTraitement:330 - 0x00805C87
2026-05-27 14:48:50,217 [INFO] UtilMem:75 - End SaveConfig() Used Memory: 1016837608 Bytes (1073741824)
2026-05-27 14:48:50,811 [INFO] BlockDiagram:2775 - set Specific Code input for plugin: NVIC
2026-05-27 14:48:50,811 [INFO] BlockDiagram:2775 - set Specific Code input for plugin: USART
2026-05-27 14:48:50,812 [INFO] BlockDiagram:2775 - set Specific Code input for plugin: USART
2026-05-27 14:48:50,812 [INFO] BlockDiagram:2775 - set Specific Code input for plugin: TIM6_7L4
2026-05-27 14:48:50,812 [INFO] BlockDiagram:2775 - set Specific Code input for plugin: TIM6_7L4
2026-05-27 14:48:50,812 [INFO] BlockDiagram:2775 - set Specific Code input for plugin: TIM1_8L4
2026-05-27 14:48:50,812 [INFO] BlockDiagram:2775 - set Specific Code input for plugin: SYS
2026-05-27 14:48:50,814 [INFO] BlockDiagram:2775 - set Specific Code input for plugin: GPIO
2026-05-27 14:48:50,814 [INFO] BlockDiagram:2775 - set Specific Code input for plugin: RCC
2026-05-27 14:48:50,815 [INFO] BlockDiagram:2775 - set Specific Code input for plugin: I2C
2026-05-27 14:48:50,815 [INFO] CodeGenerator:892 - code generatio: config db path: /Applications/STM32CubeIDE.app/Contents/Eclipse/plugins/com.st.stm32cube.common.mx_6.15.0.202507011659//db/
2026-05-27 14:48:51,014 [INFO] CodeEngine:265 - oldGeneratedFile, /Users/cristianpetramale/Biomed_projects/STMWorkSpace/ProgettoUART/MXTmpFiles/license.tmp_save
2026-05-27 14:48:51,414 [INFO] CodeEngine:289 - Generated code: /Users/cristianpetramale/Biomed_projects/STMWorkSpace/ProgettoUART/MXTmpFiles/license.tmp
2026-05-27 14:48:51,601 [INFO] CodeEngine:265 - oldGeneratedFile, /Users/cristianpetramale/Biomed_projects/STMWorkSpace/ProgettoUART/MXTmpFiles/gpio.tmp_save
2026-05-27 14:48:51,738 [INFO] CodeEngine:289 - Generated code: /Users/cristianpetramale/Biomed_projects/STMWorkSpace/ProgettoUART/MXTmpFiles/gpio.tmp
2026-05-27 14:48:52,905 [INFO] CodeEngine:265 - oldGeneratedFile, /Users/cristianpetramale/Biomed_projects/STMWorkSpace/ProgettoUART/Core/Src/stm32l4xx_it.c_save
2026-05-27 14:48:53,146 [INFO] CodeEngine:289 - Generated code: /Users/cristianpetramale/Biomed_projects/STMWorkSpace/ProgettoUART/Core/Src/stm32l4xx_it.c
2026-05-27 14:48:53,149 [INFO] CodeEngine:265 - oldGeneratedFile, /Users/cristianpetramale/Biomed_projects/STMWorkSpace/ProgettoUART/Core/Inc/stm32l4xx_it.h_save
2026-05-27 14:48:53,217 [INFO] CodeEngine:289 - Generated code: /Users/cristianpetramale/Biomed_projects/STMWorkSpace/ProgettoUART/Core/Inc/stm32l4xx_it.h
2026-05-27 14:48:53,240 [INFO] CodeEngine:265 - oldGeneratedFile, /Users/cristianpetramale/Biomed_projects/STMWorkSpace/ProgettoUART/Core/Src/stm32l4xx_hal_msp.c_save
2026-05-27 14:48:53,400 [INFO] CodeEngine:289 - Generated code: /Users/cristianpetramale/Biomed_projects/STMWorkSpace/ProgettoUART/Core/Src/stm32l4xx_hal_msp.c
2026-05-27 14:48:53,405 [INFO] CodeEngine:265 - oldGeneratedFile, /Users/cristianpetramale/Biomed_projects/STMWorkSpace/ProgettoUART/MXTmpFiles/system.tmp_save
2026-05-27 14:48:53,477 [INFO] CodeEngine:289 - Generated code: /Users/cristianpetramale/Biomed_projects/STMWorkSpace/ProgettoUART/MXTmpFiles/system.tmp
2026-05-27 14:48:53,483 [INFO] CodeEngine:321 - oldGeneratedFile, /Users/cristianpetramale/Biomed_projects/STMWorkSpace/ProgettoUART/Core/Inc/stm32l4xx_hal_conf.h_save
2026-05-27 14:48:53,565 [INFO] CodeEngine:345 - Generated code: /Users/cristianpetramale/Biomed_projects/STMWorkSpace/ProgettoUART/Core/Inc/stm32l4xx_hal_conf.h
2026-05-27 14:48:53,621 [WARN] IPConfigManager:3811 - IP not found : TIM
2026-05-27 14:48:53,621 [WARN] CodeGenerator:4259 - IP not found : null
2026-05-27 14:48:53,628 [INFO] CodeEngine:265 - oldGeneratedFile, /Users/cristianpetramale/Biomed_projects/STMWorkSpace/ProgettoUART/Core/Inc/main.h_save
2026-05-27 14:48:53,748 [INFO] CodeEngine:289 - Generated code: /Users/cristianpetramale/Biomed_projects/STMWorkSpace/ProgettoUART/Core/Inc/main.h
2026-05-27 14:48:53,751 [INFO] CodeEngine:265 - oldGeneratedFile, /Users/cristianpetramale/Biomed_projects/STMWorkSpace/ProgettoUART/Core/Src/main.c_save
2026-05-27 14:48:53,921 [INFO] CodeEngine:289 - Generated code: /Users/cristianpetramale/Biomed_projects/STMWorkSpace/ProgettoUART/Core/Src/main.c
2026-05-27 14:48:54,632 [INFO] ProjectBuilder:3606 - Time for Copy HAL[1] : 91mS.
2026-05-27 14:48:54,650 [INFO] ProjectBuilder:5216 - Project Generator version: 4.7.0-B52
2026-05-27 14:48:54,852 [INFO] ConfigFileManager:1595 - The Die is : DIE435
2026-05-27 14:48:56,697 [INFO] ProjectBuilder:5496 - Time for Generating toolchain IDE Files: 2044mS.
2026-05-27 14:48:56,701 [INFO] ProjectBuilder:3463 - Time for Copy CMSIS : 1mS.
2026-05-27 14:48:56,704 [INFO] ProjectBuilder:3463 - Time for Copy CMSIS : 1mS.
2026-05-27 14:58:41,077 [INFO] NvicIntPanel:101 - NVIC parent = com.st.microxplorer.plugins.ip.nvic.MultiNvicIntPanel[,0,0,0x0,invalid,layout=javax.swing.BoxLayout,alignmentX=0.0,alignmentY=0.0,border=,flags=9,maximumSize=,minimumSize=,preferredSize=]
2026-05-27 14:58:43,801 [INFO] UtilMem:75 - End SaveConfig() Used Memory: 772788776 Bytes (1073741824)
2026-05-27 14:58:45,667 [INFO] UtilMem:75 - End SaveConfig() Used Memory: 843581160 Bytes (1073741824)
2026-05-27 14:58:46,278 [INFO] BlockDiagram:2775 - set Specific Code input for plugin: NVIC
2026-05-27 14:58:46,278 [INFO] BlockDiagram:2775 - set Specific Code input for plugin: USART
2026-05-27 14:58:46,278 [INFO] BlockDiagram:2775 - set Specific Code input for plugin: USART
2026-05-27 14:58:46,279 [INFO] BlockDiagram:2775 - set Specific Code input for plugin: TIM6_7L4
2026-05-27 14:58:46,279 [INFO] BlockDiagram:2775 - set Specific Code input for plugin: TIM6_7L4
2026-05-27 14:58:46,279 [INFO] BlockDiagram:2775 - set Specific Code input for plugin: TIM1_8L4
2026-05-27 14:58:46,279 [INFO] BlockDiagram:2775 - set Specific Code input for plugin: SYS
2026-05-27 14:58:46,281 [INFO] BlockDiagram:2775 - set Specific Code input for plugin: GPIO
2026-05-27 14:58:46,281 [INFO] BlockDiagram:2775 - set Specific Code input for plugin: RCC
2026-05-27 14:58:46,281 [INFO] BlockDiagram:2775 - set Specific Code input for plugin: I2C
2026-05-27 14:58:46,282 [INFO] CodeGenerator:892 - code generatio: config db path: /Applications/STM32CubeIDE.app/Contents/Eclipse/plugins/com.st.stm32cube.common.mx_6.15.0.202507011659//db/
2026-05-27 14:58:46,438 [INFO] CodeEngine:265 - oldGeneratedFile, /Users/cristianpetramale/Biomed_projects/STMWorkSpace/ProgettoUART/MXTmpFiles/license.tmp_save
2026-05-27 14:58:46,843 [INFO] CodeEngine:289 - Generated code: /Users/cristianpetramale/Biomed_projects/STMWorkSpace/ProgettoUART/MXTmpFiles/license.tmp
2026-05-27 14:58:47,035 [INFO] CodeEngine:265 - oldGeneratedFile, /Users/cristianpetramale/Biomed_projects/STMWorkSpace/ProgettoUART/MXTmpFiles/gpio.tmp_save
2026-05-27 14:58:47,217 [INFO] CodeEngine:289 - Generated code: /Users/cristianpetramale/Biomed_projects/STMWorkSpace/ProgettoUART/MXTmpFiles/gpio.tmp
2026-05-27 14:58:49,055 [INFO] CodeEngine:265 - oldGeneratedFile, /Users/cristianpetramale/Biomed_projects/STMWorkSpace/ProgettoUART/Core/Src/stm32l4xx_it.c_save
2026-05-27 14:58:49,312 [INFO] CodeEngine:289 - Generated code: /Users/cristianpetramale/Biomed_projects/STMWorkSpace/ProgettoUART/Core/Src/stm32l4xx_it.c
2026-05-27 14:58:49,314 [INFO] CodeEngine:265 - oldGeneratedFile, /Users/cristianpetramale/Biomed_projects/STMWorkSpace/ProgettoUART/Core/Inc/stm32l4xx_it.h_save
2026-05-27 14:58:49,397 [INFO] CodeEngine:289 - Generated code: /Users/cristianpetramale/Biomed_projects/STMWorkSpace/ProgettoUART/Core/Inc/stm32l4xx_it.h
2026-05-27 14:58:49,408 [INFO] CodeEngine:265 - oldGeneratedFile, /Users/cristianpetramale/Biomed_projects/STMWorkSpace/ProgettoUART/Core/Src/stm32l4xx_hal_msp.c_save
2026-05-27 14:58:49,635 [INFO] CodeEngine:289 - Generated code: /Users/cristianpetramale/Biomed_projects/STMWorkSpace/ProgettoUART/Core/Src/stm32l4xx_hal_msp.c
2026-05-27 14:58:49,637 [INFO] CodeEngine:265 - oldGeneratedFile, /Users/cristianpetramale/Biomed_projects/STMWorkSpace/ProgettoUART/MXTmpFiles/system.tmp_save
2026-05-27 14:58:49,721 [INFO] CodeEngine:289 - Generated code: /Users/cristianpetramale/Biomed_projects/STMWorkSpace/ProgettoUART/MXTmpFiles/system.tmp
2026-05-27 14:58:49,735 [INFO] CodeEngine:321 - oldGeneratedFile, /Users/cristianpetramale/Biomed_projects/STMWorkSpace/ProgettoUART/Core/Inc/stm32l4xx_hal_conf.h_save
2026-05-27 14:58:49,838 [INFO] CodeEngine:345 - Generated code: /Users/cristianpetramale/Biomed_projects/STMWorkSpace/ProgettoUART/Core/Inc/stm32l4xx_hal_conf.h
2026-05-27 14:58:49,899 [WARN] IPConfigManager:3811 - IP not found : TIM
2026-05-27 14:58:49,900 [WARN] CodeGenerator:4259 - IP not found : null
2026-05-27 14:58:49,904 [INFO] CodeEngine:265 - oldGeneratedFile, /Users/cristianpetramale/Biomed_projects/STMWorkSpace/ProgettoUART/Core/Inc/main.h_save
2026-05-27 14:58:50,100 [INFO] CodeEngine:289 - Generated code: /Users/cristianpetramale/Biomed_projects/STMWorkSpace/ProgettoUART/Core/Inc/main.h
2026-05-27 14:58:50,103 [INFO] CodeEngine:265 - oldGeneratedFile, /Users/cristianpetramale/Biomed_projects/STMWorkSpace/ProgettoUART/Core/Src/main.c_save
2026-05-27 14:58:50,293 [INFO] CodeEngine:289 - Generated code: /Users/cristianpetramale/Biomed_projects/STMWorkSpace/ProgettoUART/Core/Src/main.c
2026-05-27 14:58:51,074 [INFO] ProjectBuilder:3606 - Time for Copy HAL[1] : 76mS.
2026-05-27 14:58:51,092 [INFO] ProjectBuilder:5216 - Project Generator version: 4.7.0-B52
2026-05-27 14:58:51,303 [INFO] ConfigFileManager:1595 - The Die is : DIE435
2026-05-27 14:58:53,981 [INFO] ProjectBuilder:5496 - Time for Generating toolchain IDE Files: 2889mS.
2026-05-27 14:58:53,983 [INFO] ProjectBuilder:3463 - Time for Copy CMSIS : 1mS.
2026-05-27 14:58:53,984 [INFO] ProjectBuilder:3463 - Time for Copy CMSIS : 0mS.
2026-05-27 14:59:01,674 [INFO] UtilMem:75 - End SaveConfig() Used Memory: 758181936 Bytes (1073741824)
2026-05-27 14:59:02,114 [INFO] BlockDiagram:2775 - set Specific Code input for plugin: NVIC
2026-05-27 14:59:02,115 [INFO] BlockDiagram:2775 - set Specific Code input for plugin: USART
2026-05-27 14:59:02,116 [INFO] BlockDiagram:2775 - set Specific Code input for plugin: USART
2026-05-27 14:59:02,117 [INFO] BlockDiagram:2775 - set Specific Code input for plugin: TIM6_7L4
2026-05-27 14:59:02,117 [INFO] BlockDiagram:2775 - set Specific Code input for plugin: TIM6_7L4
2026-05-27 14:59:02,117 [INFO] BlockDiagram:2775 - set Specific Code input for plugin: TIM1_8L4
2026-05-27 14:59:02,117 [INFO] BlockDiagram:2775 - set Specific Code input for plugin: SYS
2026-05-27 14:59:02,117 [INFO] BlockDiagram:2775 - set Specific Code input for plugin: GPIO
2026-05-27 14:59:02,118 [INFO] BlockDiagram:2775 - set Specific Code input for plugin: RCC
2026-05-27 14:59:02,119 [INFO] BlockDiagram:2775 - set Specific Code input for plugin: I2C
2026-05-27 14:59:02,120 [INFO] CodeGenerator:892 - code generatio: config db path: /Applications/STM32CubeIDE.app/Contents/Eclipse/plugins/com.st.stm32cube.common.mx_6.15.0.202507011659//db/
2026-05-27 14:59:02,249 [INFO] CodeEngine:265 - oldGeneratedFile, /Users/cristianpetramale/Biomed_projects/STMWorkSpace/ProgettoUART/MXTmpFiles/license.tmp_save
2026-05-27 14:59:02,418 [INFO] CodeEngine:289 - Generated code: /Users/cristianpetramale/Biomed_projects/STMWorkSpace/ProgettoUART/MXTmpFiles/license.tmp
2026-05-27 14:59:02,515 [INFO] CodeEngine:265 - oldGeneratedFile, /Users/cristianpetramale/Biomed_projects/STMWorkSpace/ProgettoUART/MXTmpFiles/gpio.tmp_save
2026-05-27 14:59:02,629 [INFO] CodeEngine:289 - Generated code: /Users/cristianpetramale/Biomed_projects/STMWorkSpace/ProgettoUART/MXTmpFiles/gpio.tmp
2026-05-27 14:59:03,032 [INFO] CodeEngine:265 - oldGeneratedFile, /Users/cristianpetramale/Biomed_projects/STMWorkSpace/ProgettoUART/Core/Src/stm32l4xx_it.c_save
2026-05-27 14:59:03,127 [INFO] CodeEngine:289 - Generated code: /Users/cristianpetramale/Biomed_projects/STMWorkSpace/ProgettoUART/Core/Src/stm32l4xx_it.c
2026-05-27 14:59:03,129 [INFO] CodeEngine:265 - oldGeneratedFile, /Users/cristianpetramale/Biomed_projects/STMWorkSpace/ProgettoUART/Core/Inc/stm32l4xx_it.h_save
2026-05-27 14:59:03,175 [INFO] CodeEngine:289 - Generated code: /Users/cristianpetramale/Biomed_projects/STMWorkSpace/ProgettoUART/Core/Inc/stm32l4xx_it.h
2026-05-27 14:59:03,187 [INFO] CodeEngine:265 - oldGeneratedFile, /Users/cristianpetramale/Biomed_projects/STMWorkSpace/ProgettoUART/Core/Src/stm32l4xx_hal_msp.c_save
2026-05-27 14:59:03,281 [INFO] CodeEngine:289 - Generated code: /Users/cristianpetramale/Biomed_projects/STMWorkSpace/ProgettoUART/Core/Src/stm32l4xx_hal_msp.c
2026-05-27 14:59:03,284 [INFO] CodeEngine:265 - oldGeneratedFile, /Users/cristianpetramale/Biomed_projects/STMWorkSpace/ProgettoUART/MXTmpFiles/system.tmp_save
2026-05-27 14:59:03,328 [INFO] CodeEngine:289 - Generated code: /Users/cristianpetramale/Biomed_projects/STMWorkSpace/ProgettoUART/MXTmpFiles/system.tmp
2026-05-27 14:59:03,333 [INFO] CodeEngine:321 - oldGeneratedFile, /Users/cristianpetramale/Biomed_projects/STMWorkSpace/ProgettoUART/Core/Inc/stm32l4xx_hal_conf.h_save
2026-05-27 14:59:03,386 [INFO] CodeEngine:345 - Generated code: /Users/cristianpetramale/Biomed_projects/STMWorkSpace/ProgettoUART/Core/Inc/stm32l4xx_hal_conf.h
2026-05-27 14:59:03,423 [WARN] IPConfigManager:3811 - IP not found : TIM
2026-05-27 14:59:03,425 [WARN] CodeGenerator:4259 - IP not found : null
2026-05-27 14:59:03,429 [INFO] CodeEngine:265 - oldGeneratedFile, /Users/cristianpetramale/Biomed_projects/STMWorkSpace/ProgettoUART/Core/Inc/main.h_save
2026-05-27 14:59:03,495 [INFO] CodeEngine:289 - Generated code: /Users/cristianpetramale/Biomed_projects/STMWorkSpace/ProgettoUART/Core/Inc/main.h
2026-05-27 14:59:03,498 [INFO] CodeEngine:265 - oldGeneratedFile, /Users/cristianpetramale/Biomed_projects/STMWorkSpace/ProgettoUART/Core/Src/main.c_save
2026-05-27 14:59:03,615 [INFO] CodeEngine:289 - Generated code: /Users/cristianpetramale/Biomed_projects/STMWorkSpace/ProgettoUART/Core/Src/main.c
2026-05-27 14:59:03,837 [INFO] ProjectBuilder:3606 - Time for Copy HAL[1] : 67mS.
2026-05-27 14:59:03,840 [INFO] ProjectBuilder:5216 - Project Generator version: 4.7.0-B52
2026-05-27 14:59:03,904 [INFO] ConfigFileManager:1595 - The Die is : DIE435
2026-05-27 14:59:07,080 [INFO] ProjectBuilder:5496 - Time for Generating toolchain IDE Files: 3231mS.
2026-05-27 14:59:07,091 [INFO] ProjectBuilder:3463 - Time for Copy CMSIS : 1mS.
2026-05-27 14:59:07,095 [INFO] ProjectBuilder:3463 - Time for Copy CMSIS : 0mS.
2026-05-27 15:01:35,176 [INFO] NvicIntPanel:101 - NVIC parent = com.st.microxplorer.plugins.ip.nvic.MultiNvicIntPanel[,0,0,0x0,invalid,layout=javax.swing.BoxLayout,alignmentX=0.0,alignmentY=0.0,border=,flags=9,maximumSize=,minimumSize=,preferredSize=]
2026-05-27 15:01:46,609 [INFO] UtilMem:75 - End SaveConfig() Used Memory: 945706256 Bytes (1073741824)
2026-05-27 15:01:49,997 [INFO] UtilMem:75 - End SaveConfig() Used Memory: 752758704 Bytes (1073741824)
2026-05-27 15:01:50,521 [INFO] BlockDiagram:2775 - set Specific Code input for plugin: NVIC
2026-05-27 15:01:50,522 [INFO] BlockDiagram:2775 - set Specific Code input for plugin: USART
2026-05-27 15:01:50,522 [INFO] BlockDiagram:2775 - set Specific Code input for plugin: USART
2026-05-27 15:01:50,522 [INFO] BlockDiagram:2775 - set Specific Code input for plugin: TIM6_7L4
2026-05-27 15:01:50,522 [INFO] BlockDiagram:2775 - set Specific Code input for plugin: TIM6_7L4
2026-05-27 15:01:50,522 [INFO] BlockDiagram:2775 - set Specific Code input for plugin: TIM1_8L4
2026-05-27 15:01:50,522 [INFO] BlockDiagram:2775 - set Specific Code input for plugin: SYS
2026-05-27 15:01:50,522 [INFO] BlockDiagram:2775 - set Specific Code input for plugin: GPIO
2026-05-27 15:01:50,522 [INFO] BlockDiagram:2775 - set Specific Code input for plugin: RCC
2026-05-27 15:01:50,522 [INFO] BlockDiagram:2775 - set Specific Code input for plugin: I2C
2026-05-27 15:01:50,523 [INFO] CodeGenerator:892 - code generatio: config db path: /Applications/STM32CubeIDE.app/Contents/Eclipse/plugins/com.st.stm32cube.common.mx_6.15.0.202507011659//db/
2026-05-27 15:01:50,610 [INFO] CodeEngine:265 - oldGeneratedFile, /Users/cristianpetramale/Biomed_projects/STMWorkSpace/ProgettoUART/MXTmpFiles/license.tmp_save
2026-05-27 15:01:50,730 [INFO] CodeEngine:289 - Generated code: /Users/cristianpetramale/Biomed_projects/STMWorkSpace/ProgettoUART/MXTmpFiles/license.tmp
2026-05-27 15:01:50,804 [INFO] CodeEngine:265 - oldGeneratedFile, /Users/cristianpetramale/Biomed_projects/STMWorkSpace/ProgettoUART/MXTmpFiles/gpio.tmp_save
2026-05-27 15:01:50,876 [INFO] CodeEngine:289 - Generated code: /Users/cristianpetramale/Biomed_projects/STMWorkSpace/ProgettoUART/MXTmpFiles/gpio.tmp
2026-05-27 15:01:51,141 [INFO] CodeEngine:265 - oldGeneratedFile, /Users/cristianpetramale/Biomed_projects/STMWorkSpace/ProgettoUART/Core/Src/stm32l4xx_it.c_save
2026-05-27 15:01:51,218 [INFO] CodeEngine:289 - Generated code: /Users/cristianpetramale/Biomed_projects/STMWorkSpace/ProgettoUART/Core/Src/stm32l4xx_it.c
2026-05-27 15:01:51,220 [INFO] CodeEngine:265 - oldGeneratedFile, /Users/cristianpetramale/Biomed_projects/STMWorkSpace/ProgettoUART/Core/Inc/stm32l4xx_it.h_save
2026-05-27 15:01:51,262 [INFO] CodeEngine:289 - Generated code: /Users/cristianpetramale/Biomed_projects/STMWorkSpace/ProgettoUART/Core/Inc/stm32l4xx_it.h
2026-05-27 15:01:51,270 [INFO] CodeEngine:265 - oldGeneratedFile, /Users/cristianpetramale/Biomed_projects/STMWorkSpace/ProgettoUART/Core/Src/stm32l4xx_hal_msp.c_save
2026-05-27 15:01:51,369 [INFO] CodeEngine:289 - Generated code: /Users/cristianpetramale/Biomed_projects/STMWorkSpace/ProgettoUART/Core/Src/stm32l4xx_hal_msp.c
2026-05-27 15:01:51,371 [INFO] CodeEngine:265 - oldGeneratedFile, /Users/cristianpetramale/Biomed_projects/STMWorkSpace/ProgettoUART/MXTmpFiles/system.tmp_save
2026-05-27 15:01:51,414 [INFO] CodeEngine:289 - Generated code: /Users/cristianpetramale/Biomed_projects/STMWorkSpace/ProgettoUART/MXTmpFiles/system.tmp
2026-05-27 15:01:51,425 [INFO] CodeEngine:321 - oldGeneratedFile, /Users/cristianpetramale/Biomed_projects/STMWorkSpace/ProgettoUART/Core/Inc/stm32l4xx_hal_conf.h_save
2026-05-27 15:01:51,475 [INFO] CodeEngine:345 - Generated code: /Users/cristianpetramale/Biomed_projects/STMWorkSpace/ProgettoUART/Core/Inc/stm32l4xx_hal_conf.h
2026-05-27 15:01:51,500 [WARN] IPConfigManager:3811 - IP not found : TIM
2026-05-27 15:01:51,501 [WARN] CodeGenerator:4259 - IP not found : null
2026-05-27 15:01:51,504 [INFO] CodeEngine:265 - oldGeneratedFile, /Users/cristianpetramale/Biomed_projects/STMWorkSpace/ProgettoUART/Core/Inc/main.h_save
2026-05-27 15:01:51,552 [INFO] CodeEngine:289 - Generated code: /Users/cristianpetramale/Biomed_projects/STMWorkSpace/ProgettoUART/Core/Inc/main.h
2026-05-27 15:01:51,554 [INFO] CodeEngine:265 - oldGeneratedFile, /Users/cristianpetramale/Biomed_projects/STMWorkSpace/ProgettoUART/Core/Src/main.c_save
2026-05-27 15:01:51,661 [INFO] CodeEngine:289 - Generated code: /Users/cristianpetramale/Biomed_projects/STMWorkSpace/ProgettoUART/Core/Src/main.c
2026-05-27 15:01:51,835 [INFO] ProjectBuilder:3606 - Time for Copy HAL[1] : 68mS.
2026-05-27 15:01:51,837 [INFO] ProjectBuilder:5216 - Project Generator version: 4.7.0-B52
2026-05-27 15:01:51,893 [INFO] ConfigFileManager:1595 - The Die is : DIE435
2026-05-27 15:01:54,814 [INFO] ProjectBuilder:5496 - Time for Generating toolchain IDE Files: 2969mS.
2026-05-27 15:01:54,821 [INFO] ProjectBuilder:3463 - Time for Copy CMSIS : 0mS.
2026-05-27 15:01:54,825 [INFO] ProjectBuilder:3463 - Time for Copy CMSIS : 0mS.
2026-05-27 16:49:06,763 [INFO] WebApp:194 - Connection lost
2026-05-27 17:01:55,314 [INFO] WebApp:191 - Connection restablished
2026-05-27 17:23:35,382 [INFO] WebApp:194 - Connection lost
2026-05-27 18:14:59,132 [INFO] WebApp:191 - Connection restablished
2026-05-27 18:38:52,701 [INFO] WebApp:194 - Connection lost
2026-05-27 18:44:09,757 [INFO] WebApp:191 - Connection restablished
2026-05-27 18:57:24,306 [INFO] WebApp:194 - Connection lost
2026-05-27 19:41:32,570 [INFO] WebApp:191 - Connection restablished
