2026-05-11 01:20:12,339 [INFO] UtilMem:75 - End SaveConfig() Used Memory: 944078624 Bytes (1073741824)
2026-05-11 01:20:13,564 [INFO] BlockDiagram:2775 - set Specific Code input for plugin: NVIC
2026-05-11 01:20:13,574 [INFO] BlockDiagram:2775 - set Specific Code input for plugin: USART
2026-05-11 01:20:13,576 [INFO] BlockDiagram:2775 - set Specific Code input for plugin: USART
2026-05-11 01:20:13,576 [INFO] BlockDiagram:2775 - set Specific Code input for plugin: TIM6_7L4
2026-05-11 01:20:13,576 [INFO] BlockDiagram:2775 - set Specific Code input for plugin: SYS
2026-05-11 01:20:13,577 [INFO] BlockDiagram:2775 - set Specific Code input for plugin: GPIO
2026-05-11 01:20:13,577 [INFO] BlockDiagram:2775 - set Specific Code input for plugin: RCC
2026-05-11 01:20:13,577 [INFO] BlockDiagram:2775 - set Specific Code input for plugin: I2C
2026-05-11 01:20:13,580 [INFO] CodeGenerator:892 - code generatio: config db path: /Applications/STM32CubeIDE.app/Contents/Eclipse/plugins/com.st.stm32cube.common.mx_6.15.0.202507011659//db/
2026-05-11 01:20:13,795 [INFO] CodeEngine:265 - oldGeneratedFile, /Users/cristianpetramale/Biomed_projects/STMWorkSpace/ProgettoUART/MXTmpFiles/license.tmp_save
2026-05-11 01:20:14,003 [INFO] CodeEngine:289 - Generated code: /Users/cristianpetramale/Biomed_projects/STMWorkSpace/ProgettoUART/MXTmpFiles/license.tmp
2026-05-11 01:20:14,101 [INFO] CodeEngine:265 - oldGeneratedFile, /Users/cristianpetramale/Biomed_projects/STMWorkSpace/ProgettoUART/MXTmpFiles/gpio.tmp_save
2026-05-11 01:20:14,205 [INFO] CodeEngine:289 - Generated code: /Users/cristianpetramale/Biomed_projects/STMWorkSpace/ProgettoUART/MXTmpFiles/gpio.tmp
2026-05-11 01:20:14,392 [INFO] CodeEngine:265 - oldGeneratedFile, /Users/cristianpetramale/Biomed_projects/STMWorkSpace/ProgettoUART/Core/Src/stm32l4xx_it.c_save
2026-05-11 01:20:14,537 [INFO] CodeEngine:289 - Generated code: /Users/cristianpetramale/Biomed_projects/STMWorkSpace/ProgettoUART/Core/Src/stm32l4xx_it.c
2026-05-11 01:20:14,539 [INFO] CodeEngine:265 - oldGeneratedFile, /Users/cristianpetramale/Biomed_projects/STMWorkSpace/ProgettoUART/Core/Inc/stm32l4xx_it.h_save
2026-05-11 01:20:14,583 [INFO] CodeEngine:289 - Generated code: /Users/cristianpetramale/Biomed_projects/STMWorkSpace/ProgettoUART/Core/Inc/stm32l4xx_it.h
2026-05-11 01:20:14,591 [INFO] CodeEngine:265 - oldGeneratedFile, /Users/cristianpetramale/Biomed_projects/STMWorkSpace/ProgettoUART/Core/Src/stm32l4xx_hal_msp.c_save
2026-05-11 01:20:14,703 [INFO] CodeEngine:289 - Generated code: /Users/cristianpetramale/Biomed_projects/STMWorkSpace/ProgettoUART/Core/Src/stm32l4xx_hal_msp.c
2026-05-11 01:20:14,706 [INFO] CodeEngine:265 - oldGeneratedFile, /Users/cristianpetramale/Biomed_projects/STMWorkSpace/ProgettoUART/MXTmpFiles/system.tmp_save
2026-05-11 01:20:14,747 [INFO] CodeEngine:289 - Generated code: /Users/cristianpetramale/Biomed_projects/STMWorkSpace/ProgettoUART/MXTmpFiles/system.tmp
2026-05-11 01:20:14,753 [INFO] CodeEngine:321 - oldGeneratedFile, /Users/cristianpetramale/Biomed_projects/STMWorkSpace/ProgettoUART/Core/Inc/stm32l4xx_hal_conf.h_save
2026-05-11 01:20:14,805 [INFO] CodeEngine:345 - Generated code: /Users/cristianpetramale/Biomed_projects/STMWorkSpace/ProgettoUART/Core/Inc/stm32l4xx_hal_conf.h
2026-05-11 01:20:14,832 [WARN] IPConfigManager:3811 - IP not found : TIM
2026-05-11 01:20:14,833 [WARN] CodeGenerator:4259 - IP not found : null
2026-05-11 01:20:14,835 [INFO] CodeEngine:265 - oldGeneratedFile, /Users/cristianpetramale/Biomed_projects/STMWorkSpace/ProgettoUART/Core/Inc/main.h_save
2026-05-11 01:20:14,907 [INFO] CodeEngine:289 - Generated code: /Users/cristianpetramale/Biomed_projects/STMWorkSpace/ProgettoUART/Core/Inc/main.h
2026-05-11 01:20:14,909 [INFO] CodeEngine:265 - oldGeneratedFile, /Users/cristianpetramale/Biomed_projects/STMWorkSpace/ProgettoUART/Core/Src/main.c_save
2026-05-11 01:20:14,991 [INFO] CodeEngine:289 - Generated code: /Users/cristianpetramale/Biomed_projects/STMWorkSpace/ProgettoUART/Core/Src/main.c
2026-05-11 01:20:15,187 [INFO] ProjectBuilder:3606 - Time for Copy HAL[1] : 70mS.
2026-05-11 01:20:15,190 [INFO] ProjectBuilder:5216 - Project Generator version: 4.7.0-B52
2026-05-11 01:20:15,255 [INFO] ConfigFileManager:1595 - The Die is : DIE435
2026-05-11 01:20:18,398 [INFO] ProjectBuilder:5496 - Time for Generating toolchain IDE Files: 3199mS.
2026-05-11 01:20:18,407 [INFO] ProjectBuilder:3463 - Time for Copy CMSIS : 1mS.
2026-05-11 01:20:18,414 [INFO] ProjectBuilder:3463 - Time for Copy CMSIS : 0mS.
2026-05-11 01:24:48,979 [INFO] NvicIntPanel:101 - NVIC parent = com.st.microxplorer.plugins.ip.nvic.MultiNvicIntPanel[,0,0,0x0,invalid,layout=javax.swing.BoxLayout,alignmentX=0.0,alignmentY=0.0,border=,flags=9,maximumSize=,minimumSize=,preferredSize=]
2026-05-11 01:24:54,252 [INFO] UtilMem:75 - End SaveConfig() Used Memory: 692640536 Bytes (1073741824)
2026-05-11 01:24:56,147 [INFO] UtilMem:75 - End SaveConfig() Used Memory: 756077336 Bytes (1073741824)
2026-05-11 01:24:57,586 [INFO] BlockDiagram:2775 - set Specific Code input for plugin: NVIC
2026-05-11 01:24:57,596 [INFO] BlockDiagram:2775 - set Specific Code input for plugin: USART
2026-05-11 01:24:57,598 [INFO] BlockDiagram:2775 - set Specific Code input for plugin: USART
2026-05-11 01:24:57,599 [INFO] BlockDiagram:2775 - set Specific Code input for plugin: TIM6_7L4
2026-05-11 01:24:57,599 [INFO] BlockDiagram:2775 - set Specific Code input for plugin: SYS
2026-05-11 01:24:57,599 [INFO] BlockDiagram:2775 - set Specific Code input for plugin: GPIO
2026-05-11 01:24:57,599 [INFO] BlockDiagram:2775 - set Specific Code input for plugin: RCC
2026-05-11 01:24:57,599 [INFO] BlockDiagram:2775 - set Specific Code input for plugin: I2C
2026-05-11 01:24:57,602 [INFO] CodeGenerator:892 - code generatio: config db path: /Applications/STM32CubeIDE.app/Contents/Eclipse/plugins/com.st.stm32cube.common.mx_6.15.0.202507011659//db/
2026-05-11 01:24:57,803 [INFO] CodeEngine:265 - oldGeneratedFile, /Users/cristianpetramale/Biomed_projects/STMWorkSpace/ProgettoUART/MXTmpFiles/license.tmp_save
2026-05-11 01:24:57,938 [INFO] CodeEngine:289 - Generated code: /Users/cristianpetramale/Biomed_projects/STMWorkSpace/ProgettoUART/MXTmpFiles/license.tmp
2026-05-11 01:24:58,002 [INFO] CodeEngine:265 - oldGeneratedFile, /Users/cristianpetramale/Biomed_projects/STMWorkSpace/ProgettoUART/MXTmpFiles/gpio.tmp_save
2026-05-11 01:24:58,079 [INFO] CodeEngine:289 - Generated code: /Users/cristianpetramale/Biomed_projects/STMWorkSpace/ProgettoUART/MXTmpFiles/gpio.tmp
2026-05-11 01:24:58,309 [INFO] CodeEngine:265 - oldGeneratedFile, /Users/cristianpetramale/Biomed_projects/STMWorkSpace/ProgettoUART/Core/Src/stm32l4xx_it.c_save
2026-05-11 01:24:58,403 [INFO] CodeEngine:289 - Generated code: /Users/cristianpetramale/Biomed_projects/STMWorkSpace/ProgettoUART/Core/Src/stm32l4xx_it.c
2026-05-11 01:24:58,406 [INFO] CodeEngine:265 - oldGeneratedFile, /Users/cristianpetramale/Biomed_projects/STMWorkSpace/ProgettoUART/Core/Inc/stm32l4xx_it.h_save
2026-05-11 01:24:58,450 [INFO] CodeEngine:289 - Generated code: /Users/cristianpetramale/Biomed_projects/STMWorkSpace/ProgettoUART/Core/Inc/stm32l4xx_it.h
2026-05-11 01:24:58,456 [INFO] CodeEngine:265 - oldGeneratedFile, /Users/cristianpetramale/Biomed_projects/STMWorkSpace/ProgettoUART/Core/Src/stm32l4xx_hal_msp.c_save
2026-05-11 01:24:58,541 [INFO] CodeEngine:289 - Generated code: /Users/cristianpetramale/Biomed_projects/STMWorkSpace/ProgettoUART/Core/Src/stm32l4xx_hal_msp.c
2026-05-11 01:24:58,544 [INFO] CodeEngine:265 - oldGeneratedFile, /Users/cristianpetramale/Biomed_projects/STMWorkSpace/ProgettoUART/MXTmpFiles/system.tmp_save
2026-05-11 01:24:58,587 [INFO] CodeEngine:289 - Generated code: /Users/cristianpetramale/Biomed_projects/STMWorkSpace/ProgettoUART/MXTmpFiles/system.tmp
2026-05-11 01:24:58,592 [INFO] CodeEngine:321 - oldGeneratedFile, /Users/cristianpetramale/Biomed_projects/STMWorkSpace/ProgettoUART/Core/Inc/stm32l4xx_hal_conf.h_save
2026-05-11 01:24:58,648 [INFO] CodeEngine:345 - Generated code: /Users/cristianpetramale/Biomed_projects/STMWorkSpace/ProgettoUART/Core/Inc/stm32l4xx_hal_conf.h
2026-05-11 01:24:58,681 [WARN] IPConfigManager:3811 - IP not found : TIM
2026-05-11 01:24:58,682 [WARN] CodeGenerator:4259 - IP not found : null
2026-05-11 01:24:58,688 [INFO] CodeEngine:265 - oldGeneratedFile, /Users/cristianpetramale/Biomed_projects/STMWorkSpace/ProgettoUART/Core/Inc/main.h_save
2026-05-11 01:24:58,741 [INFO] CodeEngine:289 - Generated code: /Users/cristianpetramale/Biomed_projects/STMWorkSpace/ProgettoUART/Core/Inc/main.h
2026-05-11 01:24:58,744 [INFO] CodeEngine:265 - oldGeneratedFile, /Users/cristianpetramale/Biomed_projects/STMWorkSpace/ProgettoUART/Core/Src/main.c_save
2026-05-11 01:24:58,831 [INFO] CodeEngine:289 - Generated code: /Users/cristianpetramale/Biomed_projects/STMWorkSpace/ProgettoUART/Core/Src/main.c
2026-05-11 01:24:59,034 [INFO] ProjectBuilder:3606 - Time for Copy HAL[1] : 71mS.
2026-05-11 01:24:59,037 [INFO] ProjectBuilder:5216 - Project Generator version: 4.7.0-B52
2026-05-11 01:24:59,103 [INFO] ConfigFileManager:1595 - The Die is : DIE435
2026-05-11 01:25:02,334 [INFO] ProjectBuilder:5496 - Time for Generating toolchain IDE Files: 3279mS.
2026-05-11 01:25:02,363 [INFO] ProjectBuilder:3463 - Time for Copy CMSIS : 1mS.
2026-05-11 01:25:02,370 [INFO] ProjectBuilder:3463 - Time for Copy CMSIS : 0mS.
2026-05-11 01:31:58,924 [INFO] NvicIntPanel:101 - NVIC parent = com.st.microxplorer.plugins.ip.nvic.MultiNvicIntPanel[,0,0,0x0,invalid,layout=javax.swing.BoxLayout,alignmentX=0.0,alignmentY=0.0,border=,flags=9,maximumSize=,minimumSize=,preferredSize=]
2026-05-11 01:32:21,025 [INFO] UtilMem:75 - End SaveConfig() Used Memory: 752164720 Bytes (1073741824)
2026-05-11 01:32:21,372 [INFO] UtilMem:75 - End SaveConfig() Used Memory: 778379120 Bytes (1073741824)
2026-05-11 01:32:21,530 [INFO] BlockDiagram:2775 - set Specific Code input for plugin: NVIC
2026-05-11 01:32:21,530 [INFO] BlockDiagram:2775 - set Specific Code input for plugin: USART
2026-05-11 01:32:21,530 [INFO] BlockDiagram:2775 - set Specific Code input for plugin: USART
2026-05-11 01:32:21,530 [INFO] BlockDiagram:2775 - set Specific Code input for plugin: TIM6_7L4
2026-05-11 01:32:21,530 [INFO] BlockDiagram:2775 - set Specific Code input for plugin: SYS
2026-05-11 01:32:21,530 [INFO] BlockDiagram:2775 - set Specific Code input for plugin: GPIO
2026-05-11 01:32:21,530 [INFO] BlockDiagram:2775 - set Specific Code input for plugin: RCC
2026-05-11 01:32:21,530 [INFO] BlockDiagram:2775 - set Specific Code input for plugin: I2C
2026-05-11 01:32:21,532 [INFO] CodeGenerator:892 - code generatio: config db path: /Applications/STM32CubeIDE.app/Contents/Eclipse/plugins/com.st.stm32cube.common.mx_6.15.0.202507011659//db/
2026-05-11 01:32:21,606 [INFO] CodeEngine:265 - oldGeneratedFile, /Users/cristianpetramale/Biomed_projects/STMWorkSpace/ProgettoUART/MXTmpFiles/license.tmp_save
2026-05-11 01:32:21,725 [INFO] CodeEngine:289 - Generated code: /Users/cristianpetramale/Biomed_projects/STMWorkSpace/ProgettoUART/MXTmpFiles/license.tmp
2026-05-11 01:32:21,777 [INFO] CodeEngine:265 - oldGeneratedFile, /Users/cristianpetramale/Biomed_projects/STMWorkSpace/ProgettoUART/MXTmpFiles/gpio.tmp_save
2026-05-11 01:32:21,856 [INFO] CodeEngine:289 - Generated code: /Users/cristianpetramale/Biomed_projects/STMWorkSpace/ProgettoUART/MXTmpFiles/gpio.tmp
2026-05-11 01:32:22,011 [INFO] CodeEngine:265 - oldGeneratedFile, /Users/cristianpetramale/Biomed_projects/STMWorkSpace/ProgettoUART/Core/Src/stm32l4xx_it.c_save
2026-05-11 01:32:22,073 [INFO] CodeEngine:289 - Generated code: /Users/cristianpetramale/Biomed_projects/STMWorkSpace/ProgettoUART/Core/Src/stm32l4xx_it.c
2026-05-11 01:32:22,074 [INFO] CodeEngine:265 - oldGeneratedFile, /Users/cristianpetramale/Biomed_projects/STMWorkSpace/ProgettoUART/Core/Inc/stm32l4xx_it.h_save
2026-05-11 01:32:22,131 [INFO] CodeEngine:289 - Generated code: /Users/cristianpetramale/Biomed_projects/STMWorkSpace/ProgettoUART/Core/Inc/stm32l4xx_it.h
2026-05-11 01:32:22,138 [INFO] CodeEngine:265 - oldGeneratedFile, /Users/cristianpetramale/Biomed_projects/STMWorkSpace/ProgettoUART/Core/Src/stm32l4xx_hal_msp.c_save
2026-05-11 01:32:22,220 [INFO] CodeEngine:289 - Generated code: /Users/cristianpetramale/Biomed_projects/STMWorkSpace/ProgettoUART/Core/Src/stm32l4xx_hal_msp.c
2026-05-11 01:32:22,221 [INFO] CodeEngine:265 - oldGeneratedFile, /Users/cristianpetramale/Biomed_projects/STMWorkSpace/ProgettoUART/MXTmpFiles/system.tmp_save
2026-05-11 01:32:22,269 [INFO] CodeEngine:289 - Generated code: /Users/cristianpetramale/Biomed_projects/STMWorkSpace/ProgettoUART/MXTmpFiles/system.tmp
2026-05-11 01:32:22,272 [INFO] CodeEngine:321 - oldGeneratedFile, /Users/cristianpetramale/Biomed_projects/STMWorkSpace/ProgettoUART/Core/Inc/stm32l4xx_hal_conf.h_save
2026-05-11 01:32:22,321 [INFO] CodeEngine:345 - Generated code: /Users/cristianpetramale/Biomed_projects/STMWorkSpace/ProgettoUART/Core/Inc/stm32l4xx_hal_conf.h
2026-05-11 01:32:22,339 [WARN] IPConfigManager:3811 - IP not found : TIM
2026-05-11 01:32:22,339 [WARN] CodeGenerator:4259 - IP not found : null
2026-05-11 01:32:22,341 [INFO] CodeEngine:265 - oldGeneratedFile, /Users/cristianpetramale/Biomed_projects/STMWorkSpace/ProgettoUART/Core/Inc/main.h_save
2026-05-11 01:32:22,391 [INFO] CodeEngine:289 - Generated code: /Users/cristianpetramale/Biomed_projects/STMWorkSpace/ProgettoUART/Core/Inc/main.h
2026-05-11 01:32:22,392 [INFO] CodeEngine:265 - oldGeneratedFile, /Users/cristianpetramale/Biomed_projects/STMWorkSpace/ProgettoUART/Core/Src/main.c_save
2026-05-11 01:32:22,474 [INFO] CodeEngine:289 - Generated code: /Users/cristianpetramale/Biomed_projects/STMWorkSpace/ProgettoUART/Core/Src/main.c
2026-05-11 01:32:23,228 [INFO] ProjectBuilder:3606 - Time for Copy HAL[1] : 44mS.
2026-05-11 01:32:23,249 [INFO] ProjectBuilder:5216 - Project Generator version: 4.7.0-B52
2026-05-11 01:32:23,379 [INFO] ConfigFileManager:1595 - The Die is : DIE435
2026-05-11 01:32:25,201 [INFO] ProjectBuilder:5496 - Time for Generating toolchain IDE Files: 1949mS.
2026-05-11 01:32:25,204 [INFO] ProjectBuilder:3463 - Time for Copy CMSIS : 0mS.
2026-05-11 01:32:25,206 [INFO] ProjectBuilder:3463 - Time for Copy CMSIS : 0mS.
