../Core/Src/main.c:81:5:main	96	static
../Core/Src/main.c:174:6:SystemClock_Config	96	static
../Core/Src/main.c:219:13:MX_I2C1_Init	8	static
../Core/Src/main.c:267:13:MX_TIM2_Init	40	static
../Core/Src/main.c:312:13:MX_USART1_UART_Init	8	static
../Core/Src/main.c:347:13:MX_USART2_UART_Init	8	static
../Core/Src/main.c:382:13:MX_GPIO_Init	40	static
../Core/Src/main.c:409:6:HAL_UART_RxCpltCallback	16	static
../Core/Src/main.c:439:6:HAL_UART_ErrorCallback	16	static
../Core/Src/main.c:452:6:Error_Handler	4	static,ignoring_inline_asm
