../Core/Src/main.c:76:6:leggi_pressione	4
../Core/Src/main.c:113:5:main	4
../Core/Src/main.c:190:6:SystemClock_Config	4
../Core/Src/main.c:235:13:MX_I2C1_Init	4
../Core/Src/main.c:283:13:MX_TIM6_Init	3
../Core/Src/main.c:321:13:MX_USART1_UART_Init	2
../Core/Src/main.c:356:13:MX_USART2_UART_Init	2
../Core/Src/main.c:391:13:MX_GPIO_Init	1
../Core/Src/main.c:418:6:HAL_UART_RxCpltCallback	5
../Core/Src/main.c:448:6:HAL_UART_ErrorCallback	4
../Core/Src/main.c:456:6:HAL_TIM_PeriodElapsedCallback	4
../Core/Src/main.c:482:6:Error_Handler	1
