../Core/Src/main.c:79:5:main	16	static
../Core/Src/main.c:151:6:SystemClock_Config	96	static
../Core/Src/main.c:196:13:MX_ADC1_Init	32	static
../Core/Src/main.c:264:13:MX_USART1_UART_Init	8	static
../Core/Src/main.c:299:13:MX_USART2_UART_Init	8	static
../Core/Src/main.c:334:13:MX_GPIO_Init	40	static
../Core/Src/main.c:361:6:HAL_UART_RxCpltCallback	16	static
../Core/Src/main.c:389:6:Read	64	static
../Core/Src/main.c:400:6:ConvertiVeloce	16	static
../Core/Src/main.c:405:6:Parser	8	static
../Core/Src/main.c:423:6:Error_Handler	4	static,ignoring_inline_asm
