2026-06-05 14:38:44,992 [INFO] WebApp:194 - Connection lost
2026-06-05 15:06:38,036 [INFO] WebApp:191 - Connection restablished
2026-06-05 15:58:31,347 [INFO] I2cTimingTraitement:330 - 0x10805D88
2026-06-05 15:58:35,538 [INFO] NvicIntPanel:101 - NVIC parent = com.st.microxplorer.plugins.ip.nvic.MultiNvicIntPanel[,0,0,608x288,layout=javax.swing.BoxLayout,alignmentX=0.0,alignmentY=0.0,border=,flags=9,maximumSize=,minimumSize=,preferredSize=]
2026-06-05 16:53:59,274 [INFO] WebApp:194 - Connection lost
2026-06-05 16:54:08,615 [INFO] WebApp:191 - Connection restablished
2026-06-05 17:00:03,652 [INFO] UtilMem:75 - End SaveConfig() Used Memory: 781229000 Bytes (1073741824)
2026-06-05 17:00:07,970 [INFO] UtilMem:75 - End SaveConfig() Used Memory: 765911176 Bytes (1073741824)
2026-06-05 17:00:08,815 [INFO] BlockDiagram:2775 - set Specific Code input for plugin: SPI
2026-06-05 17:00:08,815 [INFO] BlockDiagram:2775 - set Specific Code input for plugin: NVIC
2026-06-05 17:00:08,815 [INFO] BlockDiagram:2775 - set Specific Code input for plugin: USART
2026-06-05 17:00:08,815 [INFO] BlockDiagram:2775 - set Specific Code input for plugin: USART
2026-06-05 17:00:08,815 [INFO] BlockDiagram:2775 - set Specific Code input for plugin: TIM6_7L4
2026-06-05 17:00:08,815 [INFO] BlockDiagram:2775 - set Specific Code input for plugin: TIM1_8L4
2026-06-05 17:00:08,815 [INFO] BlockDiagram:2775 - set Specific Code input for plugin: SYS
2026-06-05 17:00:08,817 [INFO] BlockDiagram:2775 - set Specific Code input for plugin: GPIO
2026-06-05 17:00:08,818 [INFO] BlockDiagram:2775 - set Specific Code input for plugin: RCC
2026-06-05 17:00:08,820 [INFO] BlockDiagram:2775 - set Specific Code input for plugin: I2C
2026-06-05 17:00:08,822 [INFO] CodeGenerator:892 - code generatio: config db path: /Applications/STM32CubeIDE.app/Contents/Eclipse/plugins/com.st.stm32cube.common.mx_6.15.0.202507011659//db/
2026-06-05 17:00:09,054 [INFO] CodeEngine:265 - oldGeneratedFile, /Users/cristianpetramale/Biomed_projects/STMWorkSpace/Diocane/MXTmpFiles/license.tmp_save
2026-06-05 17:00:09,379 [INFO] CodeEngine:289 - Generated code: /Users/cristianpetramale/Biomed_projects/STMWorkSpace/Diocane/MXTmpFiles/license.tmp
2026-06-05 17:00:09,540 [INFO] CodeEngine:265 - oldGeneratedFile, /Users/cristianpetramale/Biomed_projects/STMWorkSpace/Diocane/MXTmpFiles/gpio.tmp_save
2026-06-05 17:00:09,719 [INFO] CodeEngine:289 - Generated code: /Users/cristianpetramale/Biomed_projects/STMWorkSpace/Diocane/MXTmpFiles/gpio.tmp
2026-06-05 17:00:11,098 [INFO] CodeEngine:265 - oldGeneratedFile, /Users/cristianpetramale/Biomed_projects/STMWorkSpace/Diocane/Core/Src/stm32l4xx_it.c_save
2026-06-05 17:00:11,380 [INFO] CodeEngine:289 - Generated code: /Users/cristianpetramale/Biomed_projects/STMWorkSpace/Diocane/Core/Src/stm32l4xx_it.c
2026-06-05 17:00:11,383 [INFO] CodeEngine:265 - oldGeneratedFile, /Users/cristianpetramale/Biomed_projects/STMWorkSpace/Diocane/Core/Inc/stm32l4xx_it.h_save
2026-06-05 17:00:11,463 [INFO] CodeEngine:289 - Generated code: /Users/cristianpetramale/Biomed_projects/STMWorkSpace/Diocane/Core/Inc/stm32l4xx_it.h
2026-06-05 17:00:11,476 [INFO] CodeEngine:265 - oldGeneratedFile, /Users/cristianpetramale/Biomed_projects/STMWorkSpace/Diocane/Core/Src/stm32l4xx_hal_msp.c_save
2026-06-05 17:00:11,719 [INFO] CodeEngine:289 - Generated code: /Users/cristianpetramale/Biomed_projects/STMWorkSpace/Diocane/Core/Src/stm32l4xx_hal_msp.c
2026-06-05 17:00:11,722 [INFO] CodeEngine:265 - oldGeneratedFile, /Users/cristianpetramale/Biomed_projects/STMWorkSpace/Diocane/MXTmpFiles/system.tmp_save
2026-06-05 17:00:11,809 [INFO] CodeEngine:289 - Generated code: /Users/cristianpetramale/Biomed_projects/STMWorkSpace/Diocane/MXTmpFiles/system.tmp
2026-06-05 17:00:11,817 [INFO] CodeEngine:321 - oldGeneratedFile, /Users/cristianpetramale/Biomed_projects/STMWorkSpace/Diocane/Core/Inc/stm32l4xx_hal_conf.h_save
2026-06-05 17:00:11,901 [INFO] CodeEngine:345 - Generated code: /Users/cristianpetramale/Biomed_projects/STMWorkSpace/Diocane/Core/Inc/stm32l4xx_hal_conf.h
2026-06-05 17:00:11,976 [INFO] ApiDbMcu:532 - Load IP Config File for I2C1
2026-06-05 17:00:11,979 [WARN] IPConfigManager:3811 - IP not found : TIM
2026-06-05 17:00:11,980 [WARN] CodeGenerator:4259 - IP not found : null
2026-06-05 17:00:11,983 [INFO] CodeEngine:265 - oldGeneratedFile, /Users/cristianpetramale/Biomed_projects/STMWorkSpace/Diocane/Core/Inc/main.h_save
2026-06-05 17:00:12,117 [INFO] CodeEngine:289 - Generated code: /Users/cristianpetramale/Biomed_projects/STMWorkSpace/Diocane/Core/Inc/main.h
2026-06-05 17:00:12,120 [INFO] CodeEngine:265 - oldGeneratedFile, /Users/cristianpetramale/Biomed_projects/STMWorkSpace/Diocane/Core/Src/main.c_save
2026-06-05 17:00:12,268 [INFO] CodeEngine:289 - Generated code: /Users/cristianpetramale/Biomed_projects/STMWorkSpace/Diocane/Core/Src/main.c
2026-06-05 17:00:12,891 [INFO] ProjectBuilder:3606 - Time for Copy HAL[1] : 84mS.
2026-06-05 17:00:12,912 [INFO] ProjectBuilder:5216 - Project Generator version: 4.7.0-B52
2026-06-05 17:00:13,127 [INFO] ConfigFileManager:1595 - The Die is : DIE435
2026-06-05 17:00:17,035 [INFO] ProjectBuilder:5496 - Time for Generating toolchain IDE Files: 4107mS.
2026-06-05 17:00:17,052 [INFO] ProjectBuilder:3463 - Time for Copy CMSIS : 1mS.
2026-06-05 17:00:17,057 [INFO] ProjectBuilder:3463 - Time for Copy CMSIS : 1mS.
2026-06-05 17:20:34,232 [INFO] WebApp:194 - Connection lost
2026-06-05 17:20:50,580 [INFO] WebApp:191 - Connection restablished
